{"run_id": "r2s-full-v4-online-c0fe6d3-a854be2e-47646604", "parameters": 8921634}
{"step": 1000, "train_loss": 3.3198635578155518, "eval_nll_per_free_token": 3.5013474932677284, "eval_free_token_accuracy": 0.27607300774626814, "eval_pixel_error_mean": 0.183716343017295, "elapsed_seconds": 126.3773115510121, "learning_rate": 0.0004991893270335525}
{"step": 2000, "train_loss": 2.4311470985412598, "eval_nll_per_free_token": 2.763845376446192, "eval_free_token_accuracy": 0.31646663785365203, "eval_pixel_error_mean": 0.14682252309285104, "elapsed_seconds": 260.15267380396836, "learning_rate": 0.000492735454356513}
{"step": 3000, "train_loss": 2.133274793624878, "eval_nll_per_free_token": 2.641017845714618, "eval_free_token_accuracy": 0.3540011303567273, "eval_pixel_error_mean": 0.1356944590806961, "elapsed_seconds": 360.34862833400257, "learning_rate": 0.0004799948609147061}
{"step": 4000, "train_loss": 2.0033609867095947, "eval_nll_per_free_token": 2.6008849872419297, "eval_free_token_accuracy": 0.3746135177366269, "eval_pixel_error_mean": 0.13516617502318695, "elapsed_seconds": 443.3017566530034, "learning_rate": 0.00046129752138594874}
{"step": 5000, "train_loss": 1.6185452938079834, "eval_nll_per_free_token": 2.557537027494265, "eval_free_token_accuracy": 0.3966887197047774, "eval_pixel_error_mean": 0.1362256383872591, "elapsed_seconds": 525.3932904369431, "learning_rate": 0.00043712768704277526}
{"step": 6000, "train_loss": 1.5027716159820557, "eval_nll_per_free_token": 2.5426852517537153, "eval_free_token_accuracy": 0.40044549353369463, "eval_pixel_error_mean": 0.13142560102278367, "elapsed_seconds": 606.576947757043, "learning_rate": 0.0004081113438988443}
{"step": 7000, "train_loss": 1.528020977973938, "eval_nll_per_free_token": 2.560324349005951, "eval_free_token_accuracy": 0.4045014794374813, "eval_pixel_error_mean": 0.12852284731343389, "elapsed_seconds": 688.6431183209643, "learning_rate": 0.000375}
{"step": 8000, "train_loss": 1.2880548238754272, "eval_nll_per_free_token": 2.581222442360118, "eval_free_token_accuracy": 0.40872369427175104, "eval_pixel_error_mean": 0.12803496356355026, "elapsed_seconds": 769.8041229690425, "learning_rate": 0.0003386512217606339}
{"step": 9000, "train_loss": 1.0739290714263916, "eval_nll_per_free_token": 2.5897155069774596, "eval_free_token_accuracy": 0.40925562684929684, "eval_pixel_error_mean": 0.1345329854520969, "elapsed_seconds": 851.9913004989503, "learning_rate": 0.00030000642344401115}
{"step": 10000, "train_loss": 0.852683961391449, "eval_nll_per_free_token": 2.663576020645633, "eval_free_token_accuracy": 0.41141660294557664, "eval_pixel_error_mean": 0.1235223957337439, "elapsed_seconds": 933.9968062560074, "learning_rate": 0.0002600664850273538}
{"step": 11000, "train_loss": 0.7273864150047302, "eval_nll_per_free_token": 2.716083973661026, "eval_free_token_accuracy": 0.4086239569134612, "eval_pixel_error_mean": 0.13120573840569705, "elapsed_seconds": 1015.7422709380044, "learning_rate": 0.00021986582993616926}
{"step": 12000, "train_loss": 0.953041672706604, "eval_nll_per_free_token": 2.797615887537817, "eval_free_token_accuracy": 0.4134778416835666, "eval_pixel_error_mean": 0.12576855183579028, "elapsed_seconds": 1097.8623014750192, "learning_rate": 0.00018044563402088684}
{"step": 13000, "train_loss": 0.6819964647293091, "eval_nll_per_free_token": 2.811421979412547, "eval_free_token_accuracy": 0.4084909737690748, "eval_pixel_error_mean": 0.13147015415597707, "elapsed_seconds": 1180.9690779939992, "learning_rate": 0.00014282685964923643}
{"step": 14000, "train_loss": 0.4755155146121979, "eval_nll_per_free_token": 2.929327380606071, "eval_free_token_accuracy": 0.4128129259616344, "eval_pixel_error_mean": 0.13356606080196798, "elapsed_seconds": 1262.322338938946, "learning_rate": 0.00010798381331721108}
{"step": 15000, "train_loss": 0.5185386538505554, "eval_nll_per_free_token": 2.9262560413826924, "eval_free_token_accuracy": 0.4117158150204462, "eval_pixel_error_mean": 0.12419406994013116, "elapsed_seconds": 1343.4632777239894, "learning_rate": 7.681891162260016e-05}
{"step": 16000, "train_loss": 0.42376431822776794, "eval_nll_per_free_token": 2.993518110641976, "eval_free_token_accuracy": 0.41164932344825295, "eval_pixel_error_mean": 0.12815884867450222, "elapsed_seconds": 1424.848465283052, "learning_rate": 5.013930914912476e-05}
{"step": 17000, "train_loss": 0.6556622982025146, "eval_nll_per_free_token": 3.0142042621097778, "eval_free_token_accuracy": 0.4105189667209681, "eval_pixel_error_mean": 0.12773262930568308, "elapsed_seconds": 1505.6660974059487, "learning_rate": 2.863599358669755e-05}
{"step": 18000, "train_loss": 0.680780291557312, "eval_nll_per_free_token": 3.107033509674524, "eval_free_token_accuracy": 0.4101200172878088, "eval_pixel_error_mean": 0.129067717702128, "elapsed_seconds": 1586.9171905689873, "learning_rate": 1.286588951321363e-05}
{"step": 19000, "train_loss": 0.540541410446167, "eval_nll_per_free_token": 3.0922680950580137, "eval_free_token_accuracy": 0.41015326307390537, "eval_pixel_error_mean": 0.12550358462613076, "elapsed_seconds": 1667.608776043984, "learning_rate": 3.2374343405217886e-06}
{"step": 20000, "train_loss": 0.6399282217025757, "eval_nll_per_free_token": 3.076837245254164, "eval_free_token_accuracy": 0.41221450181189534, "eval_pixel_error_mean": 0.12501455750316381, "elapsed_seconds": 1748.5925598569447, "learning_rate": 0.0}
W0927 23:56:58.007000 917644 torch/utils/_pytree.py:630] <enum 'KernelPreference'> is an Enum subclass and is now natively supported by torch.compile as an opaque value type. Calling register_constant() on Enum subclasses is deprecated and will be an error in a future release.
W0927 23:56:58.023000 917644 torch/utils/_pytree.py:630] <enum 'ScaleCalculationMode'> is an Enum subclass and is now natively supported by torch.compile as an opaque value type. Calling register_constant() on Enum subclasses is deprecated and will be an error in a future release.
Warning: You are sending unauthenticated requests to the HF Hub. Please set a HF_TOKEN to enable higher rate limits and faster downloads.
Loading weights:   0%|          | 0/398 [00:00<?, ?it/s]Loading weights: 100%|██████████| 398/398 [00:00<00:00, 47552.57it/s]
Loading weights:   0%|          | 0/398 [00:00<?, ?it/s]Loading weights: 100%|██████████| 398/398 [00:00<00:00, 38211.21it/s]
{"completed": "r2s-full-v4-online-c0fe6d3-a854be2e-47646604", "result": {"icons": 339, "model_pixel_error": [0.12082180077041413, 0.11483201692879737, 0.12709785704737925], "model_pixel_error_median": 0.11800915747880936, "exact_program_rate": 0.0029498525073746312, "rendered_rate": 1.0, "blank_pixel_error": 0.1720480552069557, "selected_step": 10000, "nearest_training_icon_pixel_error": [0.08973124639576185, 0.0848205749792233, 0.09466393787711656], "model_minus_baseline_error_reduction": [-0.031090554374652267, -0.03533038271831485, -0.02705409239009799], "icons_model_beats_baseline": 62, "clip_retrieval": {"model_greedy": {"top1_rate": 0.25, "top5_rate": 0.53125, "mean_rank": 8.03125, "clip_to_reference_mean": 0.8583862371742725, "chance_top1": 0.03125, "icons": 32}, "nearest_training_icon": {"top1_rate": 0.34375, "top5_rate": 0.59375, "mean_rank": 7.40625, "clip_to_reference_mean": 0.8630629815161228, "chance_top1": 0.03125, "icons": 32}, "gate_n_omnisvg_zero_shot_top1": 0.609375, "gate_n_omnisvg_best_of_12_top1": 0.828125}, "model_calls_per_icon": 421}, "resource": {"device": "NVIDIA GeForce RTX 4080", "torch_version": "2.14.0a0+4fdf77b940.nv26.08", "cuda_version": "13.4", "python_version": "3.12.3", "peak_vram_gib": 4.089363098144531, "train_seconds": 1748.647638599039, "inference_ms_per_icon": 568.7370335217565, "inference_p95_ms_per_icon": 570.6204669550061, "icons_per_second": 1.7582818439090548, "batched_ms_per_icon": 64.42546734251664, "batched_icons_per_call": 64, "excludes": "rendering the output SVG to pixels"}}
EXIT=0
