{
  "candidate_count": 2627,
  "fixture_sha256": "821648303fc64242da0014a2194c2b4914dc45083c919aab5e6dfc4c18975c37",
  "icons": [
    {
      "active_paths": 9,
      "eligible_fraction": 1.0,
      "eligible_geometry_fields": 580,
      "geometry_fields": 580,
      "group": "animals-nature",
      "hexcode": "1F33B",
      "variant_family_id": "f6ec1aa60b7960c3"
    },
    {
      "active_paths": 2,
      "eligible_fraction": 1.0,
      "eligible_geometry_fields": 728,
      "geometry_fields": 728,
      "group": "extras-openmoji",
      "hexcode": "E314",
      "variant_family_id": "ef00d5f5c268a693"
    },
    {
      "active_paths": 4,
      "eligible_fraction": 1.0,
      "eligible_geometry_fields": 728,
      "geometry_fields": 728,
      "group": "travel-places",
      "hexcode": "1F30E",
      "variant_family_id": "fc0c93d4434969ff"
    },
    {
      "active_paths": 13,
      "eligible_fraction": 0.8742331288343558,
      "eligible_geometry_fields": 570,
      "geometry_fields": 652,
      "group": "smileys-emotion",
      "hexcode": "1F92F",
      "variant_family_id": "bf6bf4a22828b6f6"
    }
  ],
  "schema_version": 1,
  "selected_score": 2606,
  "shortlist_count": 309
}
