{"run_id": "r2s-full-v2-aug-4032fbd-1e601024-47646604", "parameters": 8921634}
{"step": 1000, "train_loss": 3.4207000732421875, "eval_nll_per_free_token": 3.61025731199508, "eval_free_token_accuracy": 0.275574320954819, "eval_pixel_error_mean": 0.1776834586635232, "elapsed_seconds": 83.7163376880344, "learning_rate": 0.0004991893270335525}
{"step": 2000, "train_loss": 2.661688804626465, "eval_nll_per_free_token": 2.8453089156886864, "eval_free_token_accuracy": 0.3090195817680109, "eval_pixel_error_mean": 0.167370748356916, "elapsed_seconds": 167.07352926104795, "learning_rate": 0.000492735454356513}
{"step": 3000, "train_loss": 2.3980777263641357, "eval_nll_per_free_token": 2.6923034966255526, "eval_free_token_accuracy": 0.3273047641211476, "eval_pixel_error_mean": 0.14848117443034425, "elapsed_seconds": 250.00164137303364, "learning_rate": 0.0004799948609147061}
{"step": 4000, "train_loss": 2.0517218112945557, "eval_nll_per_free_token": 2.6762926636939395, "eval_free_token_accuracy": 0.3353169985704312, "eval_pixel_error_mean": 0.12993939826264977, "elapsed_seconds": 332.92230507102795, "learning_rate": 0.00046129752138594874}
{"step": 5000, "train_loss": 1.8436145782470703, "eval_nll_per_free_token": 2.661376928775059, "eval_free_token_accuracy": 0.3439276571694538, "eval_pixel_error_mean": 0.1280948086641729, "elapsed_seconds": 414.9693808610318, "learning_rate": 0.00043712768704277526}
{"step": 6000, "train_loss": 1.724880337715149, "eval_nll_per_free_token": 2.675111594156222, "eval_free_token_accuracy": 0.3527045446989594, "eval_pixel_error_mean": 0.12343933648662642, "elapsed_seconds": 498.15549303404987, "learning_rate": 0.0004081113438988443}
{"step": 7000, "train_loss": 1.5347546339035034, "eval_nll_per_free_token": 2.6995271825858573, "eval_free_token_accuracy": 0.35616210645300705, "eval_pixel_error_mean": 0.1284659884404391, "elapsed_seconds": 581.1257832020056, "learning_rate": 0.000375}
{"step": 8000, "train_loss": 1.4348503351211548, "eval_nll_per_free_token": 2.7351469905291066, "eval_free_token_accuracy": 0.3698261245387147, "eval_pixel_error_mean": 0.13070414739195257, "elapsed_seconds": 664.2209761930862, "learning_rate": 0.0003386512217606339}
{"step": 9000, "train_loss": 1.2891818284988403, "eval_nll_per_free_token": 2.7074661724126465, "eval_free_token_accuracy": 0.37750590112703214, "eval_pixel_error_mean": 0.1306558579672128, "elapsed_seconds": 746.6405330999987, "learning_rate": 0.00030000642344401115}
{"step": 10000, "train_loss": 1.3814833164215088, "eval_nll_per_free_token": 2.7168371985022772, "eval_free_token_accuracy": 0.3853851524319293, "eval_pixel_error_mean": 0.139328709396068, "elapsed_seconds": 828.7814352090936, "learning_rate": 0.0002600664850273538}
{"step": 11000, "train_loss": 1.194433569908142, "eval_nll_per_free_token": 2.7501216847717678, "eval_free_token_accuracy": 0.3937298447421789, "eval_pixel_error_mean": 0.12670765270013362, "elapsed_seconds": 911.3431391570484, "learning_rate": 0.00021986582993616926}
{"step": 12000, "train_loss": 1.263595461845398, "eval_nll_per_free_token": 2.7659582370590776, "eval_free_token_accuracy": 0.39801855114864193, "eval_pixel_error_mean": 0.13044314522994682, "elapsed_seconds": 994.0198128040647, "learning_rate": 0.00018044563402088684}
{"step": 13000, "train_loss": 0.7945050001144409, "eval_nll_per_free_token": 2.7663495893106487, "eval_free_token_accuracy": 0.39974733202566576, "eval_pixel_error_mean": 0.1324768581544049, "elapsed_seconds": 1076.8736099030357, "learning_rate": 0.00014282685964923643}
{"step": 14000, "train_loss": 0.8746350407600403, "eval_nll_per_free_token": 2.8186957288515244, "eval_free_token_accuracy": 0.4026729612021676, "eval_pixel_error_mean": 0.13451447093393654, "elapsed_seconds": 1159.0552861110773, "learning_rate": 0.00010798381331721108}
{"step": 15000, "train_loss": 0.7659140825271606, "eval_nll_per_free_token": 2.847206782555936, "eval_free_token_accuracy": 0.4037368263572592, "eval_pixel_error_mean": 0.12758369540097192, "elapsed_seconds": 1241.7418953169836, "learning_rate": 7.681891162260016e-05}
{"step": 16000, "train_loss": 0.8792871236801147, "eval_nll_per_free_token": 2.8326226613667345, "eval_free_token_accuracy": 0.40702815918082386, "eval_pixel_error_mean": 0.13021889131050557, "elapsed_seconds": 1324.1431275759824, "learning_rate": 5.013930914912476e-05}
{"step": 17000, "train_loss": 0.6530415415763855, "eval_nll_per_free_token": 2.9192907894627482, "eval_free_token_accuracy": 0.4034043684962931, "eval_pixel_error_mean": 0.12714061554288492, "elapsed_seconds": 1406.5975747799966, "learning_rate": 2.863599358669755e-05}
{"step": 18000, "train_loss": 1.0645962953567505, "eval_nll_per_free_token": 2.8909265496692043, "eval_free_token_accuracy": 0.40676219289205096, "eval_pixel_error_mean": 0.131500668998342, "elapsed_seconds": 1489.0367400710238, "learning_rate": 1.286588951321363e-05}
{"step": 19000, "train_loss": 0.9707843661308289, "eval_nll_per_free_token": 2.9296773704245487, "eval_free_token_accuracy": 0.40220752019681505, "eval_pixel_error_mean": 0.12590519309742376, "elapsed_seconds": 1571.454898496042, "learning_rate": 3.2374343405217886e-06}
{"step": 20000, "train_loss": 1.434293508529663, "eval_nll_per_free_token": 2.9341867197629576, "eval_free_token_accuracy": 0.403071910635327, "eval_pixel_error_mean": 0.12641956511652097, "elapsed_seconds": 1653.9603932440514, "learning_rate": 0.0}
W0927 22:54:25.959000 572577 torch/utils/_pytree.py:630] <enum 'KernelPreference'> is an Enum subclass and is now natively supported by torch.compile as an opaque value type. Calling register_constant() on Enum subclasses is deprecated and will be an error in a future release.
W0927 22:54:25.974000 572577 torch/utils/_pytree.py:630] <enum 'ScaleCalculationMode'> is an Enum subclass and is now natively supported by torch.compile as an opaque value type. Calling register_constant() on Enum subclasses is deprecated and will be an error in a future release.
Warning: You are sending unauthenticated requests to the HF Hub. Please set a HF_TOKEN to enable higher rate limits and faster downloads.
Loading weights:   0%|          | 0/398 [00:00<?, ?it/s]Loading weights: 100%|██████████| 398/398 [00:00<00:00, 43001.88it/s]
Loading weights:   0%|          | 0/398 [00:00<?, ?it/s]Loading weights: 100%|██████████| 398/398 [00:00<00:00, 46880.84it/s]
{"completed": "r2s-full-v2-aug-4032fbd-1e601024-47646604", "result": {"icons": 339, "model_pixel_error": [0.13013205015729662, 0.12475733898235293, 0.1359914951746223], "model_pixel_error_median": 0.12733019888401031, "exact_program_rate": 0.0, "rendered_rate": 1.0, "blank_pixel_error": 0.1720480552069557, "selected_step": 6000, "nearest_training_icon_pixel_error": [0.08973124639576185, 0.0848205749792233, 0.09466393787711656], "model_minus_baseline_error_reduction": [-0.040400803761534765, -0.04483175776505401, -0.03613631817329607], "icons_model_beats_baseline": 50, "clip_retrieval": {"model_greedy": {"top1_rate": 0.15625, "top5_rate": 0.5, "mean_rank": 9.71875, "clip_to_reference_mean": 0.8432998787611723, "chance_top1": 0.03125, "icons": 32}, "nearest_training_icon": {"top1_rate": 0.34375, "top5_rate": 0.59375, "mean_rank": 7.40625, "clip_to_reference_mean": 0.8630629815161228, "chance_top1": 0.03125, "icons": 32}, "gate_n_omnisvg_zero_shot_top1": 0.609375, "gate_n_omnisvg_best_of_12_top1": 0.828125}, "model_calls_per_icon": 641}, "resource": {"device": "NVIDIA GeForce RTX 4080", "torch_version": "2.14.0a0+4fdf77b940.nv26.08", "cuda_version": "13.4", "python_version": "3.12.3", "peak_vram_gib": 4.089363098144531, "train_seconds": 1654.0122547510546, "inference_ms_per_icon": 827.953050553333, "inference_p95_ms_per_icon": 829.6261290088296, "icons_per_second": 1.2077979534367143, "batched_ms_per_icon": 62.28060575085692, "batched_icons_per_call": 64, "excludes": "rendering the output SVG to pixels"}}
EXIT=0
