{"run_id": "r2s-full-v8-twemoji-f529d3f-5f240ad1-47646604", "parameters": 9025826}
{"step": 2000, "train_loss": 2.144918918609619, "eval_nll_per_free_token": 2.1024843562992452, "eval_free_token_accuracy": 0.46896505867881244, "eval_pixel_error_mean": 0.17183742043562233, "elapsed_seconds": 177.37652912805788, "learning_rate": 0.0004996456739191905}
{"step": 4000, "train_loss": 1.544279932975769, "eval_nll_per_free_token": 1.6545573869019914, "eval_free_token_accuracy": 0.5714950630007647, "eval_pixel_error_mean": 0.13426932907896116, "elapsed_seconds": 357.1908368989825, "learning_rate": 0.0004968170886803362}
{"step": 6000, "train_loss": 1.2244406938552856, "eval_nll_per_free_token": 1.449175796704096, "eval_free_token_accuracy": 0.6238904218890255, "eval_pixel_error_mean": 0.11586924208677374, "elapsed_seconds": 561.6222948110662, "learning_rate": 0.000491191967203629}
{"step": 8000, "train_loss": 1.0505297183990479, "eval_nll_per_free_token": 1.3585363880323482, "eval_free_token_accuracy": 0.6426742910336115, "eval_pixel_error_mean": 0.12012456316733733, "elapsed_seconds": 766.1764602119802, "learning_rate": 0.0004828340443630846}
{"step": 10000, "train_loss": 1.1074477434158325, "eval_nll_per_free_token": 1.2833863014894111, "eval_free_token_accuracy": 0.6570697164134446, "eval_pixel_error_mean": 0.11149675969500095, "elapsed_seconds": 974.1545043840306, "learning_rate": 0.0004718380187641429}
{"step": 12000, "train_loss": 1.0908936262130737, "eval_nll_per_free_token": 1.2682772605056685, "eval_free_token_accuracy": 0.6644835267129892, "eval_pixel_error_mean": 0.10902609396725893, "elapsed_seconds": 1189.4738315370632, "learning_rate": 0.00045832847977062875}
{"step": 14000, "train_loss": 0.8692881464958191, "eval_nll_per_free_token": 1.2560901150408093, "eval_free_token_accuracy": 0.6671764353868147, "eval_pixel_error_mean": 0.10956781770801172, "elapsed_seconds": 1404.213654017076, "learning_rate": 0.00044245849585747656}
{"step": 16000, "train_loss": 0.9696202874183655, "eval_nll_per_free_token": 1.265944893291416, "eval_free_token_accuracy": 0.6683067921140995, "eval_pixel_error_mean": 0.10936206486076117, "elapsed_seconds": 1618.657795013045, "learning_rate": 0.0004244078802837462}
{"step": 18000, "train_loss": 0.9063770771026611, "eval_nll_per_free_token": 1.2474017638967385, "eval_free_token_accuracy": 0.6746899830446491, "eval_pixel_error_mean": 0.10610712075140327, "elapsed_seconds": 1825.3949629120762, "learning_rate": 0.000404381153736548}
{"step": 20000, "train_loss": 0.8167208433151245, "eval_nll_per_free_token": 1.2895516091479937, "eval_free_token_accuracy": 0.6760863060607069, "eval_pixel_error_mean": 0.10539313434856012, "elapsed_seconds": 1998.6812004310777, "learning_rate": 0.0003826052270299356}
{"step": 22000, "train_loss": 0.825505256652832, "eval_nll_per_free_token": 1.259087235644054, "eval_free_token_accuracy": 0.6836330995046378, "eval_pixel_error_mean": 0.09763442253461108, "elapsed_seconds": 2171.7307846490294, "learning_rate": 0.0003593268301147139}
{"step": 24000, "train_loss": 0.7814829349517822, "eval_nll_per_free_token": 1.2848246038037334, "eval_free_token_accuracy": 0.6824694969912564, "eval_pixel_error_mean": 0.10466939109028317, "elapsed_seconds": 2344.273014624021, "learning_rate": 0.00033480971652950753}
{"step": 26000, "train_loss": 0.7960152626037598, "eval_nll_per_free_token": 1.2640012810016956, "eval_free_token_accuracy": 0.6868246949699126, "eval_pixel_error_mean": 0.10328738199314103, "elapsed_seconds": 2516.87327104609, "learning_rate": 0.00030933167496777875}
{"step": 28000, "train_loss": 0.640140950679779, "eval_nll_per_free_token": 1.2329645864847567, "eval_free_token_accuracy": 0.6898500615047043, "eval_pixel_error_mean": 0.1124556555878371, "elapsed_seconds": 2689.1232019460294, "learning_rate": 0.00028318138182093053}
{"step": 30000, "train_loss": 0.7448592185974121, "eval_nll_per_free_token": 1.3314491565440174, "eval_free_token_accuracy": 0.6869244323282024, "eval_pixel_error_mean": 0.10164856107439846, "elapsed_seconds": 2861.972315008985, "learning_rate": 0.00025665513035944373}
{"step": 32000, "train_loss": 0.5655993819236755, "eval_nll_per_free_token": 1.24733390872785, "eval_free_token_accuracy": 0.6896838325742212, "eval_pixel_error_mean": 0.10310693073552102, "elapsed_seconds": 3035.153693435015, "learning_rate": 0.0002300534736117292}
{"step": 34000, "train_loss": 0.5604354739189148, "eval_nll_per_free_token": 1.2577805853440107, "eval_free_token_accuracy": 0.6874231191196516, "eval_pixel_error_mean": 0.09823655395302922, "elapsed_seconds": 3207.8952326860745, "learning_rate": 0.00020367781897822146}
{"step": 36000, "train_loss": 0.751836895942688, "eval_nll_per_free_token": 1.2897723819462914, "eval_free_token_accuracy": 0.6908474350876026, "eval_pixel_error_mean": 0.0996562095824629, "elapsed_seconds": 3380.8929416360334, "learning_rate": 0.0001778270131650948}
{"step": 38000, "train_loss": 0.5386947989463806, "eval_nll_per_free_token": 1.295159790156754, "eval_free_token_accuracy": 0.6925762159646265, "eval_pixel_error_mean": 0.09651973264408298, "elapsed_seconds": 3553.7362655840116, "learning_rate": 0.00015279395613166985}
{"step": 40000, "train_loss": 0.5802566409111023, "eval_nll_per_free_token": 1.3340303476885866, "eval_free_token_accuracy": 0.6893846204993517, "eval_pixel_error_mean": 0.09677454590564594, "elapsed_seconds": 3726.4542322260095, "learning_rate": 0.0001288622824168375}
{"step": 42000, "train_loss": 0.5419683456420898, "eval_nll_per_free_token": 1.315412480208368, "eval_free_token_accuracy": 0.693307623258752, "eval_pixel_error_mean": 0.09949323540786281, "elapsed_seconds": 3899.419227330014, "learning_rate": 0.0001063031474463983}
{"step": 44000, "train_loss": 0.5846458673477173, "eval_nll_per_free_token": 1.3244545223619468, "eval_free_token_accuracy": 0.6907476977293128, "eval_pixel_error_mean": 0.09372232959140092, "elapsed_seconds": 4072.4256030120887, "learning_rate": 8.537215523374037e-05}
{"step": 46000, "train_loss": 0.49312928318977356, "eval_nll_per_free_token": 1.2982974910859737, "eval_free_token_accuracy": 0.6959340403603843, "eval_pixel_error_mean": 0.10354859451763332, "elapsed_seconds": 4245.4261113670655, "learning_rate": 6.630646228423323e-05}
{"step": 48000, "train_loss": 0.699386715888977, "eval_nll_per_free_token": 1.3608132049145583, "eval_free_token_accuracy": 0.6895508494298348, "eval_pixel_error_mean": 0.09432332176947966, "elapsed_seconds": 4418.6718022450805, "learning_rate": 4.932209051725914e-05}
{"step": 50000, "train_loss": 0.37123605608940125, "eval_nll_per_free_token": 1.348464505707886, "eval_free_token_accuracy": 0.6933741148309451, "eval_pixel_error_mean": 0.09565749223111197, "elapsed_seconds": 4591.047544286004, "learning_rate": 3.461147965154846e-05}
{"step": 52000, "train_loss": 0.3829086124897003, "eval_nll_per_free_token": 1.367801021113152, "eval_free_token_accuracy": 0.6921107749592739, "eval_pixel_error_mean": 0.09280749002937227, "elapsed_seconds": 4764.33330461802, "learning_rate": 2.234130678627169e-05}
{"step": 54000, "train_loss": 0.5387250781059265, "eval_nll_per_free_token": 1.3801107928808305, "eval_free_token_accuracy": 0.6910469098041824, "eval_pixel_error_mean": 0.09353002341231331, "elapsed_seconds": 4937.13992418698, "learning_rate": 1.265059788290468e-05}
{"step": 56000, "train_loss": 0.5846657752990723, "eval_nll_per_free_token": 1.3806116549336747, "eval_free_token_accuracy": 0.692875428039496, "eval_pixel_error_mean": 0.09626887802733108, "elapsed_seconds": 5110.049675744027, "learning_rate": 5.649152545533331e-06}
{"step": 58000, "train_loss": 0.37841951847076416, "eval_nll_per_free_token": 1.3514530875984907, "eval_free_token_accuracy": 0.6936400811197181, "eval_pixel_error_mean": 0.09841034165583551, "elapsed_seconds": 5282.314883420011, "learning_rate": 1.4162999474657267e-06}
{"step": 60000, "train_loss": 0.372490257024765, "eval_nll_per_free_token": 1.3674911275308355, "eval_free_token_accuracy": 0.692875428039496, "eval_pixel_error_mean": 0.09766113560181111, "elapsed_seconds": 5454.929292371031, "learning_rate": 0.0}
W0928 05:30:54.615000 1226806 torch/utils/_pytree.py:630] <enum 'KernelPreference'> is an Enum subclass and is now natively supported by torch.compile as an opaque value type. Calling register_constant() on Enum subclasses is deprecated and will be an error in a future release.
W0928 05:30:54.631000 1226806 torch/utils/_pytree.py:630] <enum 'ScaleCalculationMode'> is an Enum subclass and is now natively supported by torch.compile as an opaque value type. Calling register_constant() on Enum subclasses is deprecated and will be an error in a future release.
Warning: You are sending unauthenticated requests to the HF Hub. Please set a HF_TOKEN to enable higher rate limits and faster downloads.
Loading weights:   0%|          | 0/398 [00:00<?, ?it/s]Loading weights: 100%|██████████| 398/398 [00:00<00:00, 45620.16it/s]
Loading weights:   0%|          | 0/398 [00:00<?, ?it/s]Loading weights: 100%|██████████| 398/398 [00:00<00:00, 40502.06it/s]
{"completed": "r2s-full-v8-twemoji-f529d3f-5f240ad1-47646604", "result": {"icons": 339, "model_pixel_error": [0.0910644995288577, 0.08508873070793221, 0.0972212718477717], "model_pixel_error_median": 0.08895394206047058, "exact_program_rate": 0.014749262536873156, "rendered_rate": 1.0, "blank_pixel_error": 0.1720480552069557, "selected_step": 52000, "nearest_training_icon_with_extra_pixel_error": [0.0875778230639301, 0.08281926003772477, 0.09234717615560617], "nearest_training_icon_pixel_error": [0.08973124639576185, 0.0848205749792233, 0.09466393787711656], "model_minus_baseline_error_reduction": [-0.0013332531330958496, -0.006230565753120892, 0.003473313955883553], "icons_model_beats_baseline": 190, "clip_retrieval": {"model_greedy": {"top1_rate": 0.53125, "top5_rate": 0.78125, "mean_rank": 4.40625, "clip_to_reference_mean": 0.8974534403532743, "chance_top1": 0.03125, "icons": 32}, "nearest_training_icon": {"top1_rate": 0.34375, "top5_rate": 0.59375, "mean_rank": 7.40625, "clip_to_reference_mean": 0.8630629815161228, "chance_top1": 0.03125, "icons": 32}, "gate_n_omnisvg_zero_shot_top1": 0.609375, "gate_n_omnisvg_best_of_12_top1": 0.828125}, "model_calls_per_icon": 540}, "resource": {"device": "NVIDIA GeForce RTX 4080", "torch_version": "2.14.0a0+4fdf77b940.nv26.08", "cuda_version": "13.4", "python_version": "3.12.3", "peak_vram_gib": 4.341529369354248, "train_seconds": 5454.982071467093, "inference_ms_per_icon": 1078.350827039685, "inference_p95_ms_per_icon": 1082.5091790175065, "icons_per_second": 0.927341988270389, "batched_ms_per_icon": 79.62540853077371, "batched_icons_per_call": 64, "excludes": "rendering the output SVG to pixels"}}
EXIT=0
