{"run_id": "r2s-full-v7-systems-42762c2-e9842024-47646604", "parameters": 9025826}
{"step": 2000, "train_loss": 2.304551839828491, "eval_nll_per_free_token": 2.2607765046835, "eval_free_token_accuracy": 0.4218557797799129, "eval_pixel_error_mean": 0.14248490979662165, "elapsed_seconds": 219.1657999259187, "learning_rate": 0.0004996456739191905}
{"step": 4000, "train_loss": 1.414161205291748, "eval_nll_per_free_token": 1.6253551844725556, "eval_free_token_accuracy": 0.5795405432361448, "eval_pixel_error_mean": 0.12241833034204319, "elapsed_seconds": 433.7391755289864, "learning_rate": 0.0004968170886803362}
{"step": 6000, "train_loss": 1.1341661214828491, "eval_nll_per_free_token": 1.4672102395982247, "eval_free_token_accuracy": 0.6081651650653279, "eval_pixel_error_mean": 0.10908938240027055, "elapsed_seconds": 650.9774232939817, "learning_rate": 0.000491191967203629}
{"step": 8000, "train_loss": 1.1565977334976196, "eval_nll_per_free_token": 1.3849110753141727, "eval_free_token_accuracy": 0.6262508727018851, "eval_pixel_error_mean": 0.1028019450022839, "elapsed_seconds": 867.8617958959658, "learning_rate": 0.0004828340443630846}
{"step": 10000, "train_loss": 0.9299141764640808, "eval_nll_per_free_token": 1.3593439619418863, "eval_free_token_accuracy": 0.6319026563383091, "eval_pixel_error_mean": 0.09568229463184252, "elapsed_seconds": 1082.476549587911, "learning_rate": 0.0004718380187641429}
{"step": 12000, "train_loss": 0.7544369101524353, "eval_nll_per_free_token": 1.3882017263393895, "eval_free_token_accuracy": 0.6282788656537783, "eval_pixel_error_mean": 0.09253782732412219, "elapsed_seconds": 1295.042794820969, "learning_rate": 0.00045832847977062875}
{"step": 14000, "train_loss": 0.7461951375007629, "eval_nll_per_free_token": 1.4589467137579375, "eval_free_token_accuracy": 0.6294757139532564, "eval_pixel_error_mean": 0.09409179695649073, "elapsed_seconds": 1509.884189215023, "learning_rate": 0.00044245849585747656}
{"step": 16000, "train_loss": 0.756740152835846, "eval_nll_per_free_token": 1.3956780997539813, "eval_free_token_accuracy": 0.639715416071013, "eval_pixel_error_mean": 0.09028935388778336, "elapsed_seconds": 1726.3280084819999, "learning_rate": 0.0004244078802837462}
{"step": 18000, "train_loss": 0.6416608095169067, "eval_nll_per_free_token": 1.3859985436787294, "eval_free_token_accuracy": 0.6453007081352439, "eval_pixel_error_mean": 0.09068925667088479, "elapsed_seconds": 1938.8197409539716, "learning_rate": 0.000404381153736548}
{"step": 20000, "train_loss": 0.6155410408973694, "eval_nll_per_free_token": 1.4809512034974568, "eval_free_token_accuracy": 0.6392167292795639, "eval_pixel_error_mean": 0.08687488391296938, "elapsed_seconds": 2121.914789321949, "learning_rate": 0.0003826052270299356}
{"step": 22000, "train_loss": 0.49841955304145813, "eval_nll_per_free_token": 1.4783042025790418, "eval_free_token_accuracy": 0.6452342165630507, "eval_pixel_error_mean": 0.09314761693531182, "elapsed_seconds": 2306.438304977957, "learning_rate": 0.0003593268301147139}
{"step": 24000, "train_loss": 0.4298880100250244, "eval_nll_per_free_token": 1.5061664439891618, "eval_free_token_accuracy": 0.6437714019747997, "eval_pixel_error_mean": 0.0907959989272058, "elapsed_seconds": 2483.328587019001, "learning_rate": 0.00033480971652950753}
{"step": 26000, "train_loss": 0.4592582881450653, "eval_nll_per_free_token": 1.5692521412364109, "eval_free_token_accuracy": 0.6431729778250607, "eval_pixel_error_mean": 0.09356802434194833, "elapsed_seconds": 2656.358678582008, "learning_rate": 0.00030933167496777875}
{"step": 28000, "train_loss": 0.4097287952899933, "eval_nll_per_free_token": 1.5727845060091759, "eval_free_token_accuracy": 0.6420426210977759, "eval_pixel_error_mean": 0.08848491535172798, "elapsed_seconds": 2834.403574650991, "learning_rate": 0.00028318138182093053}
{"step": 30000, "train_loss": 0.486702024936676, "eval_nll_per_free_token": 1.6912568387620932, "eval_free_token_accuracy": 0.6409455101565876, "eval_pixel_error_mean": 0.0935900614131242, "elapsed_seconds": 3052.6033575669862, "learning_rate": 0.00025665513035944373}
{"step": 32000, "train_loss": 0.3558855950832367, "eval_nll_per_free_token": 1.6235833528998638, "eval_free_token_accuracy": 0.6437049104026065, "eval_pixel_error_mean": 0.08371815452119336, "elapsed_seconds": 3254.8078221819596, "learning_rate": 0.0002300534736117292}
{"step": 34000, "train_loss": 0.44798436760902405, "eval_nll_per_free_token": 1.72329155619369, "eval_free_token_accuracy": 0.6411449848731673, "eval_pixel_error_mean": 0.08822395044262521, "elapsed_seconds": 3464.250549074961, "learning_rate": 0.00020367781897822146}
{"step": 36000, "train_loss": 0.42952585220336914, "eval_nll_per_free_token": 1.6472089643106487, "eval_free_token_accuracy": 0.6429402573223844, "eval_pixel_error_mean": 0.08454511649324559, "elapsed_seconds": 3637.19415629399, "learning_rate": 0.0001778270131650948}
{"step": 38000, "train_loss": 0.4137897193431854, "eval_nll_per_free_token": 1.862806133951428, "eval_free_token_accuracy": 0.6409122643704911, "eval_pixel_error_mean": 0.0863847742730286, "elapsed_seconds": 3810.3176286279922, "learning_rate": 0.00015279395613166985}
{"step": 40000, "train_loss": 0.43870672583580017, "eval_nll_per_free_token": 1.810914201976462, "eval_free_token_accuracy": 0.6451344792047607, "eval_pixel_error_mean": 0.08216297952458262, "elapsed_seconds": 3983.4586600809125, "learning_rate": 0.0001288622824168375}
{"step": 42000, "train_loss": 0.34915798902511597, "eval_nll_per_free_token": 1.8624323136573688, "eval_free_token_accuracy": 0.6421423584560657, "eval_pixel_error_mean": 0.08767905665445141, "elapsed_seconds": 4155.884741537971, "learning_rate": 0.0001063031474463983}
{"step": 44000, "train_loss": 0.3101886510848999, "eval_nll_per_free_token": 1.8871449713670667, "eval_free_token_accuracy": 0.641344459589747, "eval_pixel_error_mean": 0.08145908298320137, "elapsed_seconds": 4328.95836667798, "learning_rate": 8.537215523374037e-05}
{"step": 46000, "train_loss": 0.5543935298919678, "eval_nll_per_free_token": 1.9517042621097775, "eval_free_token_accuracy": 0.6409787559426843, "eval_pixel_error_mean": 0.0783454453048762, "elapsed_seconds": 4502.072093546973, "learning_rate": 6.630646228423323e-05}
{"step": 48000, "train_loss": 0.3619411587715149, "eval_nll_per_free_token": 1.9754990244439643, "eval_free_token_accuracy": 0.643837893546993, "eval_pixel_error_mean": 0.07638462135219015, "elapsed_seconds": 4674.09197716997, "learning_rate": 4.932209051725914e-05}
{"step": 50000, "train_loss": 0.2385014444589615, "eval_nll_per_free_token": 1.9687905832349812, "eval_free_token_accuracy": 0.6420758668838724, "eval_pixel_error_mean": 0.07543871566304006, "elapsed_seconds": 4846.230823723949, "learning_rate": 3.461147965154846e-05}
{"step": 52000, "train_loss": 0.4414511024951935, "eval_nll_per_free_token": 1.9625806340179195, "eval_free_token_accuracy": 0.6410784933009741, "eval_pixel_error_mean": 0.07442432595416903, "elapsed_seconds": 5019.006508020917, "learning_rate": 2.234130678627169e-05}
{"step": 54000, "train_loss": 0.24355202913284302, "eval_nll_per_free_token": 2.025265044237674, "eval_free_token_accuracy": 0.6399813823597859, "eval_pixel_error_mean": 0.07885826483834535, "elapsed_seconds": 5191.060723630944, "learning_rate": 1.265059788290468e-05}
{"step": 56000, "train_loss": 0.3221168518066406, "eval_nll_per_free_token": 2.007846784716912, "eval_free_token_accuracy": 0.6427407826058047, "eval_pixel_error_mean": 0.07916530687361956, "elapsed_seconds": 5362.852788095013, "learning_rate": 5.649152545533331e-06}
{"step": 58000, "train_loss": 0.3854124844074249, "eval_nll_per_free_token": 2.0150346924972573, "eval_free_token_accuracy": 0.6425080621031284, "eval_pixel_error_mean": 0.07843886970658787, "elapsed_seconds": 5534.913561435998, "learning_rate": 1.4162999474657267e-06}
{"step": 60000, "train_loss": 0.3998822271823883, "eval_nll_per_free_token": 2.0054388028192425, "eval_free_token_accuracy": 0.6398483992153995, "eval_pixel_error_mean": 0.07655652309767902, "elapsed_seconds": 5707.490967249963, "learning_rate": 0.0}
W0928 02:39:38.365000 1083546 torch/utils/_pytree.py:630] <enum 'KernelPreference'> is an Enum subclass and is now natively supported by torch.compile as an opaque value type. Calling register_constant() on Enum subclasses is deprecated and will be an error in a future release.
W0928 02:39:38.381000 1083546 torch/utils/_pytree.py:630] <enum 'ScaleCalculationMode'> is an Enum subclass and is now natively supported by torch.compile as an opaque value type. Calling register_constant() on Enum subclasses is deprecated and will be an error in a future release.
Warning: You are sending unauthenticated requests to the HF Hub. Please set a HF_TOKEN to enable higher rate limits and faster downloads.
Loading weights:   0%|          | 0/398 [00:00<?, ?it/s]Loading weights: 100%|██████████| 398/398 [00:00<00:00, 81777.94it/s]
Loading weights:   0%|          | 0/398 [00:00<?, ?it/s]Loading weights: 100%|██████████| 398/398 [00:00<00:00, 37973.04it/s]
{"completed": "r2s-full-v7-systems-42762c2-e9842024-47646604", "result": {"icons": 339, "model_pixel_error": [0.07649538741834395, 0.07159168620499065, 0.08147921292142184], "model_pixel_error_median": 0.0715244933962822, "exact_program_rate": 0.02064896755162242, "rendered_rate": 1.0, "blank_pixel_error": 0.1720480552069557, "selected_step": 52000, "nearest_training_icon_pixel_error": [0.08973124639576185, 0.0848205749792233, 0.09466393787711656], "model_minus_baseline_error_reduction": [0.013235858977417898, 0.009509987671152829, 0.01690832312812683], "icons_model_beats_baseline": 226, "clip_retrieval": {"model_greedy": {"top1_rate": 0.46875, "top5_rate": 0.8125, "mean_rank": 3.59375, "clip_to_reference_mean": 0.9004690274596214, "chance_top1": 0.03125, "icons": 32}, "nearest_training_icon": {"top1_rate": 0.34375, "top5_rate": 0.59375, "mean_rank": 7.40625, "clip_to_reference_mean": 0.8630629815161228, "chance_top1": 0.03125, "icons": 32}, "gate_n_omnisvg_zero_shot_top1": 0.609375, "gate_n_omnisvg_best_of_12_top1": 0.828125}, "model_calls_per_icon": 728}, "resource": {"device": "NVIDIA GeForce RTX 4080", "torch_version": "2.14.0a0+4fdf77b940.nv26.08", "cuda_version": "13.4", "python_version": "3.12.3", "peak_vram_gib": 4.341529369354248, "train_seconds": 5707.5530735629145, "inference_ms_per_icon": 1490.8229834400117, "inference_p95_ms_per_icon": 1509.4690329860896, "icons_per_second": 0.6707704476708172, "batched_ms_per_icon": 71.49393318832153, "batched_icons_per_call": 64, "excludes": "rendering the output SVG to pixels"}}
EXIT=0
