{"run_id": "r2s-full-v9-colour-621bc8e-b26ad95e-47646604", "parameters": 9025826}
{"step": 2000, "train_loss": 2.218981981277466, "eval_nll_per_free_token": 2.228500300770471, "eval_free_token_accuracy": 0.43016722630406595, "eval_pixel_error_mean": 0.14764001360163093, "elapsed_seconds": 190.75334237900097, "learning_rate": 0.0004996456739191905}
{"step": 4000, "train_loss": 1.4722663164138794, "eval_nll_per_free_token": 1.653530079124971, "eval_free_token_accuracy": 0.5679710096745237, "eval_pixel_error_mean": 0.12595763866556808, "elapsed_seconds": 365.5675219820114, "learning_rate": 0.0004968170886803362}
{"step": 6000, "train_loss": 1.02582585811615, "eval_nll_per_free_token": 1.4964318245806876, "eval_free_token_accuracy": 0.599587752252402, "eval_pixel_error_mean": 0.10767351335380226, "elapsed_seconds": 537.2421639190288, "learning_rate": 0.000491191967203629}
{"step": 8000, "train_loss": 1.0526765584945679, "eval_nll_per_free_token": 1.4235635547745105, "eval_free_token_accuracy": 0.6174074936001862, "eval_pixel_error_mean": 0.09967088553821668, "elapsed_seconds": 708.9583414980443, "learning_rate": 0.0004828340443630846}
{"step": 10000, "train_loss": 0.8760353922843933, "eval_nll_per_free_token": 1.432024867068802, "eval_free_token_accuracy": 0.6262176269157884, "eval_pixel_error_mean": 0.0948919040383771, "elapsed_seconds": 881.0356954419985, "learning_rate": 0.0004718380187641429}
{"step": 12000, "train_loss": 0.8081555366516113, "eval_nll_per_free_token": 1.3804008169113002, "eval_free_token_accuracy": 0.6334984540709465, "eval_pixel_error_mean": 0.08924574768752791, "elapsed_seconds": 1052.8604161320254, "learning_rate": 0.00045832847977062875}
{"step": 14000, "train_loss": 0.8382361531257629, "eval_nll_per_free_token": 1.4299659009919712, "eval_free_token_accuracy": 0.6332324877821736, "eval_pixel_error_mean": 0.08627589211391751, "elapsed_seconds": 1225.1180678600213, "learning_rate": 0.00044245849585747656}
{"step": 16000, "train_loss": 0.6269522309303284, "eval_nll_per_free_token": 1.5185965693985006, "eval_free_token_accuracy": 0.6378868978356993, "eval_pixel_error_mean": 0.08905349219276104, "elapsed_seconds": 1397.6733034660574, "learning_rate": 0.0004244078802837462}
{"step": 18000, "train_loss": 0.5331982374191284, "eval_nll_per_free_token": 1.485234682783254, "eval_free_token_accuracy": 0.6437381561887031, "eval_pixel_error_mean": 0.08875082788290456, "elapsed_seconds": 1570.5721511220327, "learning_rate": 0.000404381153736548}
{"step": 20000, "train_loss": 0.6578356623649597, "eval_nll_per_free_token": 1.4587303564156056, "eval_free_token_accuracy": 0.6480601083812627, "eval_pixel_error_mean": 0.08901428285753354, "elapsed_seconds": 1742.3862113780342, "learning_rate": 0.0003826052270299356}
{"step": 22000, "train_loss": 0.6447314620018005, "eval_nll_per_free_token": 1.505353675425546, "eval_free_token_accuracy": 0.6511852122743442, "eval_pixel_error_mean": 0.07792542017705273, "elapsed_seconds": 1914.4513479340822, "learning_rate": 0.0003593268301147139}
{"step": 24000, "train_loss": 0.6747521162033081, "eval_nll_per_free_token": 1.4846006427864955, "eval_free_token_accuracy": 0.6504538049802188, "eval_pixel_error_mean": 0.08773154084337875, "elapsed_seconds": 2087.1723088120343, "learning_rate": 0.00033480971652950753}
{"step": 26000, "train_loss": 0.3184385895729065, "eval_nll_per_free_token": 1.5214335972563915, "eval_free_token_accuracy": 0.6572359453439277, "eval_pixel_error_mean": 0.07737198425456882, "elapsed_seconds": 2259.561202429002, "learning_rate": 0.00030933167496777875}
{"step": 28000, "train_loss": 0.4975484311580658, "eval_nll_per_free_token": 1.5605918412243591, "eval_free_token_accuracy": 0.6605605239535889, "eval_pixel_error_mean": 0.0794175798073411, "elapsed_seconds": 2432.106950266054, "learning_rate": 0.00028318138182093053}
{"step": 30000, "train_loss": 0.39685583114624023, "eval_nll_per_free_token": 1.6274053196374547, "eval_free_token_accuracy": 0.653179959440141, "eval_pixel_error_mean": 0.08188996644457802, "elapsed_seconds": 2603.611498533981, "learning_rate": 0.00025665513035944373}
{"step": 32000, "train_loss": 0.34635797142982483, "eval_nll_per_free_token": 1.7324979766822368, "eval_free_token_accuracy": 0.656438046477609, "eval_pixel_error_mean": 0.08620809362037107, "elapsed_seconds": 2775.645380286034, "learning_rate": 0.0002300534736117292}
{"step": 34000, "train_loss": 0.4460802376270294, "eval_nll_per_free_token": 1.795621984503308, "eval_free_token_accuracy": 0.6573356827022175, "eval_pixel_error_mean": 0.07522213633637875, "elapsed_seconds": 2948.081334765069, "learning_rate": 0.00020367781897822146}
{"step": 36000, "train_loss": 0.5619198679924011, "eval_nll_per_free_token": 1.7945983129841419, "eval_free_token_accuracy": 0.6577346321353769, "eval_pixel_error_mean": 0.0860302547516767, "elapsed_seconds": 3120.5414821869927, "learning_rate": 0.0001778270131650948}
{"step": 38000, "train_loss": 0.40857237577438354, "eval_nll_per_free_token": 1.8723815047458359, "eval_free_token_accuracy": 0.6585325310016955, "eval_pixel_error_mean": 0.07983437820803374, "elapsed_seconds": 3293.2556361929746, "learning_rate": 0.00015279395613166985}
{"step": 40000, "train_loss": 0.28034666180610657, "eval_nll_per_free_token": 1.8423123794840255, "eval_free_token_accuracy": 0.658665514146082, "eval_pixel_error_mean": 0.07950043838354759, "elapsed_seconds": 3465.4412104970543, "learning_rate": 0.0001288622824168375}
{"step": 42000, "train_loss": 0.40188339352607727, "eval_nll_per_free_token": 1.9004567919063133, "eval_free_token_accuracy": 0.6587984972904685, "eval_pixel_error_mean": 0.07478929037461057, "elapsed_seconds": 3637.829871836002, "learning_rate": 0.0001063031474463983}
{"step": 44000, "train_loss": 0.48006272315979004, "eval_nll_per_free_token": 1.8761093183782707, "eval_free_token_accuracy": 0.659263938295821, "eval_pixel_error_mean": 0.07816378472489305, "elapsed_seconds": 3810.866138726007, "learning_rate": 8.537215523374037e-05}
{"step": 46000, "train_loss": 0.2770731449127197, "eval_nll_per_free_token": 1.9005280236003523, "eval_free_token_accuracy": 0.6568369959107683, "eval_pixel_error_mean": 0.07177817929186858, "elapsed_seconds": 3983.28040113498, "learning_rate": 6.630646228423323e-05}
{"step": 48000, "train_loss": 0.34143173694610596, "eval_nll_per_free_token": 1.946751224379966, "eval_free_token_accuracy": 0.6615578975364873, "eval_pixel_error_mean": 0.07352685897785705, "elapsed_seconds": 4156.305798668996, "learning_rate": 4.932209051725914e-05}
{"step": 50000, "train_loss": 0.31884050369262695, "eval_nll_per_free_token": 1.9479174891535622, "eval_free_token_accuracy": 0.6598956082316566, "eval_pixel_error_mean": 0.07463949287193827, "elapsed_seconds": 4328.47623321705, "learning_rate": 3.461147965154846e-05}
{"step": 52000, "train_loss": 0.309752881526947, "eval_nll_per_free_token": 1.966587205774793, "eval_free_token_accuracy": 0.6583330562851158, "eval_pixel_error_mean": 0.07174317206954584, "elapsed_seconds": 4500.765098805074, "learning_rate": 2.234130678627169e-05}
{"step": 54000, "train_loss": 0.31372860074043274, "eval_nll_per_free_token": 1.9863027361281957, "eval_free_token_accuracy": 0.6592306925097244, "eval_pixel_error_mean": 0.07147223589709029, "elapsed_seconds": 4673.010612791986, "learning_rate": 1.265059788290468e-05}
{"step": 56000, "train_loss": 0.39705756306648254, "eval_nll_per_free_token": 2.030139318025034, "eval_free_token_accuracy": 0.6599620998038499, "eval_pixel_error_mean": 0.0725659341114806, "elapsed_seconds": 4844.902129227063, "learning_rate": 5.649152545533331e-06}
{"step": 58000, "train_loss": 0.3264605402946472, "eval_nll_per_free_token": 2.0480105513813625, "eval_free_token_accuracy": 0.6598291166594634, "eval_pixel_error_mean": 0.0714307672024006, "elapsed_seconds": 5017.191569452989, "learning_rate": 1.4162999474657267e-06}
{"step": 60000, "train_loss": 0.3834417760372162, "eval_nll_per_free_token": 2.033343770259151, "eval_free_token_accuracy": 0.6599288540177533, "eval_pixel_error_mean": 0.07365770076285116, "elapsed_seconds": 5188.817036456079, "learning_rate": 0.0}
W0928 08:30:19.587000 1290800 torch/utils/_pytree.py:630] <enum 'KernelPreference'> is an Enum subclass and is now natively supported by torch.compile as an opaque value type. Calling register_constant() on Enum subclasses is deprecated and will be an error in a future release.
W0928 08:30:19.603000 1290800 torch/utils/_pytree.py:630] <enum 'ScaleCalculationMode'> is an Enum subclass and is now natively supported by torch.compile as an opaque value type. Calling register_constant() on Enum subclasses is deprecated and will be an error in a future release.
Warning: You are sending unauthenticated requests to the HF Hub. Please set a HF_TOKEN to enable higher rate limits and faster downloads.
Loading weights:   0%|          | 0/398 [00:00<?, ?it/s]Loading weights: 100%|██████████| 398/398 [00:00<00:00, 47190.96it/s]
Loading weights:   0%|          | 0/398 [00:00<?, ?it/s]Loading weights: 100%|██████████| 398/398 [00:00<00:00, 41047.83it/s]
{"completed": "r2s-full-v9-colour-621bc8e-b26ad95e-47646604", "result": {"icons": 339, "model_pixel_error": [0.07194640226856078, 0.06740772136047897, 0.07676696180169275], "model_pixel_error_median": 0.06948529183864594, "exact_program_rate": 0.038348082595870206, "rendered_rate": 1.0, "blank_pixel_error": 0.1720480552069557, "selected_step": 58000, "nearest_training_icon_pixel_error": [0.08973124639576185, 0.0848205749792233, 0.09466393787711656], "model_minus_baseline_error_reduction": [0.017784844127201084, 0.013508967393837288, 0.02190322979039751], "icons_model_beats_baseline": 227, "clip_retrieval": {"model_greedy": {"top1_rate": 0.53125, "top5_rate": 0.875, "mean_rank": 3.375, "clip_to_reference_mean": 0.8993164114654064, "chance_top1": 0.03125, "icons": 32}, "nearest_training_icon": {"top1_rate": 0.34375, "top5_rate": 0.59375, "mean_rank": 7.40625, "clip_to_reference_mean": 0.8630629815161228, "chance_top1": 0.03125, "icons": 32}, "gate_n_omnisvg_zero_shot_top1": 0.609375, "gate_n_omnisvg_best_of_12_top1": 0.828125}, "model_calls_per_icon": 776}, "resource": {"device": "NVIDIA GeForce RTX 4080", "torch_version": "2.14.0a0+4fdf77b940.nv26.08", "cuda_version": "13.4", "python_version": "3.12.3", "peak_vram_gib": 4.341529369354248, "train_seconds": 5188.874983660993, "inference_ms_per_icon": 1540.9883434767835, "inference_p95_ms_per_icon": 1549.0091840038076, "icons_per_second": 0.6489341754161465, "batched_ms_per_icon": 64.02356443868484, "batched_icons_per_call": 64, "excludes": "rendering the output SVG to pixels"}}
EXIT=0
