{"run_id": "r2s-full-v1-940f5d3-1974cf82-47646604", "parameters": 8921634}
{"step": 1000, "train_loss": 0.9883390069007874, "eval_nll_per_free_token": 3.8099491651151967, "eval_free_token_accuracy": 0.28089364673027695, "eval_pixel_error_mean": 0.16150331555400044, "elapsed_seconds": 83.83210966095794, "learning_rate": 0.0004991893270335525}
{"step": 2000, "train_loss": 1.1989003419876099, "eval_nll_per_free_token": 4.179984374480535, "eval_free_token_accuracy": 0.2776023139067123, "eval_pixel_error_mean": 0.15253672504331917, "elapsed_seconds": 166.02845836500637, "learning_rate": 0.000492735454356513}
{"step": 3000, "train_loss": 0.17229297757148743, "eval_nll_per_free_token": 4.674342980152265, "eval_free_token_accuracy": 0.27444396422753414, "eval_pixel_error_mean": 0.1478230053326115, "elapsed_seconds": 247.82579019700643, "learning_rate": 0.0004799948609147061}
{"step": 4000, "train_loss": 0.2766786515712738, "eval_nll_per_free_token": 5.730922113434622, "eval_free_token_accuracy": 0.28012899365005484, "eval_pixel_error_mean": 0.14843532419763505, "elapsed_seconds": 330.76584315497894, "learning_rate": 0.00046129752138594874}
{"step": 5000, "train_loss": 0.11653655022382736, "eval_nll_per_free_token": 6.704608073739154, "eval_free_token_accuracy": 0.2748761594467901, "eval_pixel_error_mean": 0.1521727906074375, "elapsed_seconds": 417.2518499039579, "learning_rate": 0.00043712768704277526}
{"step": 6000, "train_loss": 0.06376811116933823, "eval_nll_per_free_token": 7.4216700708966385, "eval_free_token_accuracy": 0.27687090661258684, "eval_pixel_error_mean": 0.15595493867294863, "elapsed_seconds": 499.84069936699234, "learning_rate": 0.0004081113438988443}
{"step": 7000, "train_loss": 0.06392322480678558, "eval_nll_per_free_token": 7.79199670035573, "eval_free_token_accuracy": 0.28312111439875, "eval_pixel_error_mean": 0.151480661239475, "elapsed_seconds": 582.2792985609267, "learning_rate": 0.000375}
{"step": 8000, "train_loss": 0.03317788988351822, "eval_nll_per_free_token": 8.2415246621397, "eval_free_token_accuracy": 0.2790983742810599, "eval_pixel_error_mean": 0.14908420003484935, "elapsed_seconds": 664.8634772739606, "learning_rate": 0.0003386512217606339}
{"step": 9000, "train_loss": 0.031145896762609482, "eval_nll_per_free_token": 8.542993035007813, "eval_free_token_accuracy": 0.28365304697629573, "eval_pixel_error_mean": 0.15473508823197335, "elapsed_seconds": 747.478450783994, "learning_rate": 0.00030000642344401115}
{"step": 10000, "train_loss": 0.03836873546242714, "eval_nll_per_free_token": 8.812776875062335, "eval_free_token_accuracy": 0.28278865653778384, "eval_pixel_error_mean": 0.1520904786302708, "elapsed_seconds": 830.3609366519377, "learning_rate": 0.0002600664850273538}
{"step": 11000, "train_loss": 0.018958432599902153, "eval_nll_per_free_token": 9.036405694172014, "eval_free_token_accuracy": 0.2830213770404601, "eval_pixel_error_mean": 0.15751640422968194, "elapsed_seconds": 913.074203709024, "learning_rate": 0.00021986582993616926}
{"step": 12000, "train_loss": 0.015324403531849384, "eval_nll_per_free_token": 9.261535768310116, "eval_free_token_accuracy": 0.28428471691213136, "eval_pixel_error_mean": 0.1443782050628215, "elapsed_seconds": 995.0044346270151, "learning_rate": 0.00018044563402088684}
{"step": 13000, "train_loss": 0.009240577928721905, "eval_nll_per_free_token": 9.42976983526713, "eval_free_token_accuracy": 0.28308786861265334, "eval_pixel_error_mean": 0.14484491827897727, "elapsed_seconds": 1077.9016322749667, "learning_rate": 0.00014282685964923643}
{"step": 14000, "train_loss": 0.00817618053406477, "eval_nll_per_free_token": 9.611863239303169, "eval_free_token_accuracy": 0.2842182253399382, "eval_pixel_error_mean": 0.14525091444374993, "elapsed_seconds": 1160.8562674960122, "learning_rate": 0.00010798381331721108}
{"step": 15000, "train_loss": 0.0036128482315689325, "eval_nll_per_free_token": 9.782470743708235, "eval_free_token_accuracy": 0.284750157917484, "eval_pixel_error_mean": 0.14270558266434819, "elapsed_seconds": 1242.935540440958, "learning_rate": 7.681891162260016e-05}
{"step": 16000, "train_loss": 0.0056000156328082085, "eval_nll_per_free_token": 9.862531791282954, "eval_free_token_accuracy": 0.28338708068752283, "eval_pixel_error_mean": 0.15068239928223193, "elapsed_seconds": 1325.7068835860118, "learning_rate": 5.013930914912476e-05}
{"step": 17000, "train_loss": 0.0028987275436520576, "eval_nll_per_free_token": 9.90189454228864, "eval_free_token_accuracy": 0.2832208517570398, "eval_pixel_error_mean": 0.14630822971230373, "elapsed_seconds": 1407.9280464589829, "learning_rate": 2.863599358669755e-05}
{"step": 18000, "train_loss": 0.003177739679813385, "eval_nll_per_free_token": 9.900189137354966, "eval_free_token_accuracy": 0.28524884470893314, "eval_pixel_error_mean": 0.14561958546983078, "elapsed_seconds": 1490.2428626749897, "learning_rate": 1.286588951321363e-05}
{"step": 19000, "train_loss": 0.003134302096441388, "eval_nll_per_free_token": 9.897200912596828, "eval_free_token_accuracy": 0.2862129725057349, "eval_pixel_error_mean": 0.14161485410295427, "elapsed_seconds": 1572.326658696984, "learning_rate": 3.2374343405217886e-06}
{"step": 20000, "train_loss": 0.003319030860438943, "eval_nll_per_free_token": 9.952990977924799, "eval_free_token_accuracy": 0.2818577745270787, "eval_pixel_error_mean": 0.14453048910945654, "elapsed_seconds": 1654.8557957570301, "learning_rate": 0.0}
W0927 22:25:48.930000 457568 torch/utils/_pytree.py:630] <enum 'KernelPreference'> is an Enum subclass and is now natively supported by torch.compile as an opaque value type. Calling register_constant() on Enum subclasses is deprecated and will be an error in a future release.
W0927 22:25:48.945000 457568 torch/utils/_pytree.py:630] <enum 'ScaleCalculationMode'> is an Enum subclass and is now natively supported by torch.compile as an opaque value type. Calling register_constant() on Enum subclasses is deprecated and will be an error in a future release.
Warning: You are sending unauthenticated requests to the HF Hub. Please set a HF_TOKEN to enable higher rate limits and faster downloads.
Loading weights:   0%|          | 0/398 [00:00<?, ?it/s]Loading weights: 100%|██████████| 398/398 [00:00<00:00, 44092.26it/s]
Loading weights:   0%|          | 0/398 [00:00<?, ?it/s]Loading weights: 100%|██████████| 398/398 [00:00<00:00, 87116.85it/s]
{"completed": "r2s-full-v1-940f5d3-1974cf82-47646604", "result": {"icons": 339, "model_pixel_error": [0.14872044521621922, 0.14124088256183873, 0.15610677177139445], "model_pixel_error_median": 0.15654301643371582, "exact_program_rate": 0.0029498525073746312, "rendered_rate": 1.0, "blank_pixel_error": 0.1720480552069557, "selected_step": 19000, "nearest_training_icon_pixel_error": [0.08973124639576185, 0.0848205749792233, 0.09466393787711656], "model_minus_baseline_error_reduction": [-0.058989198820457375, -0.06381041379237455, -0.053992881722259606], "icons_model_beats_baseline": 16, "clip_retrieval": {"model_greedy": {"top1_rate": 0.21875, "top5_rate": 0.34375, "mean_rank": 12.75, "clip_to_reference_mean": 0.8145000487565994, "chance_top1": 0.03125, "icons": 32}, "nearest_training_icon": {"top1_rate": 0.34375, "top5_rate": 0.59375, "mean_rank": 7.40625, "clip_to_reference_mean": 0.8630629815161228, "chance_top1": 0.03125, "icons": 32}, "gate_n_omnisvg_zero_shot_top1": 0.609375, "gate_n_omnisvg_best_of_12_top1": 0.828125}, "model_calls_per_icon": 500}, "resource": {"device": "NVIDIA GeForce RTX 4080", "torch_version": "2.14.0a0+4fdf77b940.nv26.08", "cuda_version": "13.4", "python_version": "3.12.3", "peak_vram_gib": 4.089363098144531, "train_seconds": 1654.9081625590334, "inference_ms_per_icon": 629.4160155230202, "inference_p95_ms_per_icon": 655.0014589447528, "icons_per_second": 1.5887743167276083, "batched_ms_per_icon": 47.61035209412512, "batched_icons_per_call": 64, "excludes": "rendering the output SVG to pixels"}}
EXIT=0
