{"run_id": "r2s-full-v3-metric-5dba9d7-ffcc2ffb-47646604", "parameters": 9011746}
{"step": 1000, "train_loss": 2.711167573928833, "eval_nll_per_free_token": 2.8103053885185676, "eval_free_token_accuracy": 0.31104757471990424, "eval_pixel_error_mean": 0.15150298608932644, "elapsed_seconds": 89.3719693759922, "learning_rate": 0.0004991893270335525}
{"step": 2000, "train_loss": 2.374884843826294, "eval_nll_per_free_token": 2.5525619774178, "eval_free_token_accuracy": 0.33658033844210244, "eval_pixel_error_mean": 0.13464426953578368, "elapsed_seconds": 177.78570971405134, "learning_rate": 0.000492735454356513}
{"step": 3000, "train_loss": 2.1152918338775635, "eval_nll_per_free_token": 2.3718569096171747, "eval_free_token_accuracy": 0.3864490175870208, "eval_pixel_error_mean": 0.12123160564806312, "elapsed_seconds": 266.6036067219684, "learning_rate": 0.0004799948609147061}
{"step": 4000, "train_loss": 1.6803104877471924, "eval_nll_per_free_token": 2.2810592263290004, "eval_free_token_accuracy": 0.41899664217560423, "eval_pixel_error_mean": 0.11614623182686046, "elapsed_seconds": 355.01535143505316, "learning_rate": 0.00046129752138594874}
{"step": 5000, "train_loss": 1.422053337097168, "eval_nll_per_free_token": 2.2043506136964326, "eval_free_token_accuracy": 0.4558994647428438, "eval_pixel_error_mean": 0.1116999841760844, "elapsed_seconds": 443.57241484103724, "learning_rate": 0.00043712768704277526}
{"step": 6000, "train_loss": 1.1985574960708618, "eval_nll_per_free_token": 2.1558305316832342, "eval_free_token_accuracy": 0.4761129026895841, "eval_pixel_error_mean": 0.11245513590984046, "elapsed_seconds": 532.8572336370125, "learning_rate": 0.0004081113438988443}
{"step": 7000, "train_loss": 1.052753210067749, "eval_nll_per_free_token": 2.16362199333422, "eval_free_token_accuracy": 0.48299478041158284, "eval_pixel_error_mean": 0.11322418370400555, "elapsed_seconds": 621.7585768359713, "learning_rate": 0.000375}
{"step": 8000, "train_loss": 0.8883744478225708, "eval_nll_per_free_token": 2.1591116050649957, "eval_free_token_accuracy": 0.4905083280694172, "eval_pixel_error_mean": 0.1125311105279252, "elapsed_seconds": 710.4193732130807, "learning_rate": 0.0003386512217606339}
{"step": 9000, "train_loss": 0.7601401805877686, "eval_nll_per_free_token": 2.22252235779115, "eval_free_token_accuracy": 0.49772266365238205, "eval_pixel_error_mean": 0.10966971010202542, "elapsed_seconds": 805.9114294330357, "learning_rate": 0.00030000642344401115}
{"step": 10000, "train_loss": 0.8688337802886963, "eval_nll_per_free_token": 2.242105684198278, "eval_free_token_accuracy": 0.4992187240267296, "eval_pixel_error_mean": 0.11189957268652506, "elapsed_seconds": 903.7831105319783, "learning_rate": 0.0002600664850273538}
{"step": 11000, "train_loss": 0.6476738452911377, "eval_nll_per_free_token": 2.319128638335716, "eval_free_token_accuracy": 0.5021111074171348, "eval_pixel_error_mean": 0.10763556367601268, "elapsed_seconds": 1018.6855441430816, "learning_rate": 0.00021986582993616926}
{"step": 12000, "train_loss": 0.7306504249572754, "eval_nll_per_free_token": 2.3557933509466737, "eval_free_token_accuracy": 0.5037733967219655, "eval_pixel_error_mean": 0.10792933317134157, "elapsed_seconds": 1133.5634605350206, "learning_rate": 0.00018044563402088684}
{"step": 13000, "train_loss": 0.4186234176158905, "eval_nll_per_free_token": 2.3924971533295656, "eval_free_token_accuracy": 0.5054689318128928, "eval_pixel_error_mean": 0.10845061449799687, "elapsed_seconds": 1222.0404483050806, "learning_rate": 0.00014282685964923643}
{"step": 14000, "train_loss": 0.4327744245529175, "eval_nll_per_free_token": 2.5294510263597525, "eval_free_token_accuracy": 0.5021775989893281, "eval_pixel_error_mean": 0.10796338914951775, "elapsed_seconds": 1310.1441076210467, "learning_rate": 0.00010798381331721108}
{"step": 15000, "train_loss": 0.36652660369873047, "eval_nll_per_free_token": 2.5546869156014163, "eval_free_token_accuracy": 0.5006815386149805, "eval_pixel_error_mean": 0.10685925101279281, "elapsed_seconds": 1398.1947493159678, "learning_rate": 7.681891162260016e-05}
{"step": 16000, "train_loss": 0.48715031147003174, "eval_nll_per_free_token": 2.586969872564746, "eval_free_token_accuracy": 0.5028425147112604, "eval_pixel_error_mean": 0.11149151605786756, "elapsed_seconds": 1486.9933976450702, "learning_rate": 5.013930914912476e-05}
{"step": 17000, "train_loss": 0.2821611166000366, "eval_nll_per_free_token": 2.6413563423609494, "eval_free_token_accuracy": 0.504072608796835, "eval_pixel_error_mean": 0.1092483022948727, "elapsed_seconds": 1575.6714840669883, "learning_rate": 2.863599358669755e-05}
{"step": 18000, "train_loss": 0.5956442356109619, "eval_nll_per_free_token": 2.6638065334203267, "eval_free_token_accuracy": 0.5044715582299943, "eval_pixel_error_mean": 0.11322594503872097, "elapsed_seconds": 1664.5650537699694, "learning_rate": 1.286588951321363e-05}
{"step": 19000, "train_loss": 0.4660045802593231, "eval_nll_per_free_token": 2.703880627368762, "eval_free_token_accuracy": 0.5048372618770571, "eval_pixel_error_mean": 0.11108359752688557, "elapsed_seconds": 1752.625496022054, "learning_rate": 3.2374343405217886e-06}
{"step": 20000, "train_loss": 0.8018852472305298, "eval_nll_per_free_token": 2.7099819433824264, "eval_free_token_accuracy": 0.5029090062834536, "eval_pixel_error_mean": 0.1082960529893171, "elapsed_seconds": 1840.862254807027, "learning_rate": 0.0}
W0927 23:26:31.514000 627173 torch/utils/_pytree.py:630] <enum 'KernelPreference'> is an Enum subclass and is now natively supported by torch.compile as an opaque value type. Calling register_constant() on Enum subclasses is deprecated and will be an error in a future release.
W0927 23:26:31.529000 627173 torch/utils/_pytree.py:630] <enum 'ScaleCalculationMode'> is an Enum subclass and is now natively supported by torch.compile as an opaque value type. Calling register_constant() on Enum subclasses is deprecated and will be an error in a future release.
Warning: You are sending unauthenticated requests to the HF Hub. Please set a HF_TOKEN to enable higher rate limits and faster downloads.
Loading weights:   0%|          | 0/398 [00:00<?, ?it/s]Loading weights: 100%|██████████| 398/398 [00:00<00:00, 69235.33it/s]
Loading weights:   0%|          | 0/398 [00:00<?, ?it/s]Loading weights: 100%|██████████| 398/398 [00:00<00:00, 39053.29it/s]
{"completed": "r2s-full-v3-metric-5dba9d7-ffcc2ffb-47646604", "result": {"icons": 339, "model_pixel_error": [0.10644602797689208, 0.10051784455775528, 0.11263876572659288], "model_pixel_error_median": 0.10782750695943832, "exact_program_rate": 0.0058997050147492625, "rendered_rate": 1.0, "blank_pixel_error": 0.1720480552069557, "selected_step": 15000, "nearest_training_icon_pixel_error": [0.08973124639576185, 0.0848205749792233, 0.09466393787711656], "model_minus_baseline_error_reduction": [-0.01671478158113022, -0.021783652132226616, -0.011575207093005633], "icons_model_beats_baseline": 138, "clip_retrieval": {"model_greedy": {"top1_rate": 0.21875, "top5_rate": 0.5, "mean_rank": 9.34375, "clip_to_reference_mean": 0.85855015181005, "chance_top1": 0.03125, "icons": 32}, "nearest_training_icon": {"top1_rate": 0.34375, "top5_rate": 0.59375, "mean_rank": 7.40625, "clip_to_reference_mean": 0.8630629815161228, "chance_top1": 0.03125, "icons": 32}, "gate_n_omnisvg_zero_shot_top1": 0.609375, "gate_n_omnisvg_best_of_12_top1": 0.828125}, "model_calls_per_icon": 445}, "resource": {"device": "NVIDIA GeForce RTX 4080", "torch_version": "2.14.0a0+4fdf77b940.nv26.08", "cuda_version": "13.4", "python_version": "3.12.3", "peak_vram_gib": 4.340941905975342, "train_seconds": 1840.9157819270622, "inference_ms_per_icon": 835.0163935101591, "inference_p95_ms_per_icon": 837.2848490253091, "icons_per_second": 1.1975812783702355, "batched_ms_per_icon": 60.238850812311284, "batched_icons_per_call": 64, "excludes": "rendering the output SVG to pixels"}}
EXIT=0
