{
  "cases": {
    "diverse-four": {
      "checkpoint_sha256": "499b9bc9f008ad64b19ecc3c28a48255147f79dc08b0ea1cd807081f5a842e3a",
      "config": {
        "corruption_kind": "path_correlated_geometry",
        "corruptions_per_icon": 4,
        "heldout_corruptions_per_icon": 4,
        "icon_count": 4,
        "max_loss_ratio": 0.3,
        "min_heldout_accuracy": 0.75,
        "min_train_accuracy": 0.9,
        "name": "diverse-four",
        "resample_each_step": true,
        "resume_step": 160,
        "seed": 1702,
        "steps": 320
      },
      "continuous_loss_sha256": "53922e1847b96e633a4aa5f1c2fd4e7c1555934c83a2f3607256992ebc346ec4",
      "final": {
        "accuracy": 0.922962648556876,
        "changed_accuracy": 0.8054662379421221,
        "changed_correct": 3006,
        "changed_total": 3732,
        "correct": 8698,
        "loss": 0.21379275666549802,
        "retained_accuracy": 1.0,
        "retained_correct": 5692,
        "retained_total": 5692,
        "total": 9424
      },
      "final_model_sha256": "eed0fbf84315c64a54112b1650a6321cc5fc63a9816c67bcc90336072ff5f8a6",
      "heldout_examples": 16,
      "initial": {
        "accuracy": 0.0022283531409168084,
        "changed_accuracy": 0.004555198285101822,
        "changed_correct": 17,
        "changed_total": 3732,
        "correct": 21,
        "loss": 14.90720123052597,
        "retained_accuracy": 0.0007027406886858749,
        "retained_correct": 4,
        "retained_total": 5692,
        "total": 9424
      },
      "loss_ratio": 0.009409970934641096,
      "passes_predeclared_criteria": true,
      "resume_exact": true,
      "resumed_loss_sha256": "53922e1847b96e633a4aa5f1c2fd4e7c1555934c83a2f3607256992ebc346ec4",
      "train_examples": 16,
      "train_final": {
        "accuracy": 0.9279499151103565,
        "changed_accuracy": 0.7908194701170672,
        "changed_correct": 2567,
        "changed_total": 3246,
        "correct": 8745,
        "loss": 0.18988223723135889,
        "retained_accuracy": 1.0,
        "retained_correct": 6178,
        "retained_total": 6178,
        "total": 9424
      }
    }
  },
  "code_identity": {
    "geometry_sha256": "2d61f4c07725b827c3f38d5d7e115a324825792cee9bb2e34fa132cf522b44c9",
    "git_commit": "e7b8e4a9de7579f55e2ec90644aeca6bbd35353d",
    "packed_sha256": "9b12879ba3a182367b0c52b8c3937f3dc4eed2850c72f8298c641b402802315c",
    "program_sha256": "0d02b532b1dbe573d772e11054bea0e781bded3a26217de87eeb8bbd6ab9c2f7",
    "tiny_study_sha256": "a108fc4f7043beb3d1b17559916aa4dbab2641598bd07b450a2a71900fd4dad8"
  },
  "config_sha256": "2f4c614a0caf4eb7841542740dd10c4e60fdb0a1001c3a3bb08780ff31197231",
  "deterministic_algorithms": true,
  "device": "cpu",
  "fixture": "data/manifests/openmoji-17.0.0-whole-path-fixture-v3.json",
  "fixture_sha256": "bd6c4bbc3440aeec7096b2084a8bdf4ae1b13997c83b962536ac30784753f969",
  "metrics_sha256": "a4cc37589332f305c470c85c8356661d60f5add0a4ecafb7be3f367fe3197ef0",
  "model": {
    "d_model": 48,
    "feedforward": 96,
    "heads": 4,
    "layers": 2,
    "parameters": 241072,
    "scope": "fixed-topology geometry-only diagnostic"
  },
  "passes_predeclared_gate_candidate": true,
  "render_metrics_sha256": "b8a19f535ad044b93acb5c28f0c064e5efbc8b6a90dd425e3c70673dede6f046",
  "schema_version": 1,
  "study_version": "tiny-geometry-f1-v3-path-correlated",
  "torch_version": "2.8.0+cpu"
}
{
  "cases": {
    "diverse-four": {
      "checkpoint_sha256": "499b9bc9f008ad64b19ecc3c28a48255147f79dc08b0ea1cd807081f5a842e3a",
      "config": {
        "corruption_kind": "path_correlated_geometry",
        "corruptions_per_icon": 4,
        "heldout_corruptions_per_icon": 4,
        "icon_count": 4,
        "max_loss_ratio": 0.3,
        "min_heldout_accuracy": 0.75,
        "min_train_accuracy": 0.9,
        "name": "diverse-four",
        "resample_each_step": true,
        "resume_step": 160,
        "seed": 1702,
        "steps": 320
      },
      "continuous_loss_sha256": "53922e1847b96e633a4aa5f1c2fd4e7c1555934c83a2f3607256992ebc346ec4",
      "final": {
        "accuracy": 0.922962648556876,
        "changed_accuracy": 0.8054662379421221,
        "changed_correct": 3006,
        "changed_total": 3732,
        "correct": 8698,
        "loss": 0.21379275666549802,
        "retained_accuracy": 1.0,
        "retained_correct": 5692,
        "retained_total": 5692,
        "total": 9424
      },
      "final_model_sha256": "eed0fbf84315c64a54112b1650a6321cc5fc63a9816c67bcc90336072ff5f8a6",
      "heldout_examples": 16,
      "initial": {
        "accuracy": 0.0022283531409168084,
        "changed_accuracy": 0.004555198285101822,
        "changed_correct": 17,
        "changed_total": 3732,
        "correct": 21,
        "loss": 14.90720123052597,
        "retained_accuracy": 0.0007027406886858749,
        "retained_correct": 4,
        "retained_total": 5692,
        "total": 9424
      },
      "loss_ratio": 0.009409970934641096,
      "passes_predeclared_criteria": true,
      "resume_exact": true,
      "resumed_loss_sha256": "53922e1847b96e633a4aa5f1c2fd4e7c1555934c83a2f3607256992ebc346ec4",
      "train_examples": 16,
      "train_final": {
        "accuracy": 0.9279499151103565,
        "changed_accuracy": 0.7908194701170672,
        "changed_correct": 2567,
        "changed_total": 3246,
        "correct": 8745,
        "loss": 0.18988223723135889,
        "retained_accuracy": 1.0,
        "retained_correct": 6178,
        "retained_total": 6178,
        "total": 9424
      }
    }
  },
  "code_identity": {
    "geometry_sha256": "2d61f4c07725b827c3f38d5d7e115a324825792cee9bb2e34fa132cf522b44c9",
    "git_commit": "e7b8e4a9de7579f55e2ec90644aeca6bbd35353d",
    "packed_sha256": "9b12879ba3a182367b0c52b8c3937f3dc4eed2850c72f8298c641b402802315c",
    "program_sha256": "0d02b532b1dbe573d772e11054bea0e781bded3a26217de87eeb8bbd6ab9c2f7",
    "tiny_study_sha256": "a108fc4f7043beb3d1b17559916aa4dbab2641598bd07b450a2a71900fd4dad8"
  },
  "config_sha256": "2f4c614a0caf4eb7841542740dd10c4e60fdb0a1001c3a3bb08780ff31197231",
  "deterministic_algorithms": true,
  "device": "cpu",
  "fixture": "data/manifests/openmoji-17.0.0-whole-path-fixture-v3.json",
  "fixture_sha256": "bd6c4bbc3440aeec7096b2084a8bdf4ae1b13997c83b962536ac30784753f969",
  "metrics_sha256": "a4cc37589332f305c470c85c8356661d60f5add0a4ecafb7be3f367fe3197ef0",
  "model": {
    "d_model": 48,
    "feedforward": 96,
    "heads": 4,
    "layers": 2,
    "parameters": 241072,
    "scope": "fixed-topology geometry-only diagnostic"
  },
  "passes_predeclared_gate_candidate": true,
  "render_metrics_sha256": "b8a19f535ad044b93acb5c28f0c064e5efbc8b6a90dd425e3c70673dede6f046",
  "schema_version": 1,
  "study_version": "tiny-geometry-f1-v3-path-correlated",
  "torch_version": "2.8.0+cpu"
}
