{
  "cases": {
    "diverse-four": {
      "checkpoint_sha256": "0085cf7c37280c7c4c04586aeb220371b489d2e125653b65444c82cc17a2097d",
      "config": {
        "corruption_kind": "path_correlated_geometry",
        "corruptions_per_icon": 4,
        "heldout_corruptions_per_icon": 4,
        "icon_count": 4,
        "max_loss_ratio": 0.3,
        "min_heldout_accuracy": 0.75,
        "min_train_accuracy": 0.9,
        "name": "diverse-four",
        "resample_each_step": true,
        "resume_step": 160,
        "seed": 2701,
        "steps": 320
      },
      "continuous_loss_sha256": "d9b0218f045a14599c92f10a8c3805a72f5546353f28bd0c5c28a7d78039af60",
      "final": {
        "accuracy": 0.9272071307300509,
        "changed_accuracy": 0.8087005019520357,
        "changed_correct": 2900,
        "changed_total": 3586,
        "correct": 8738,
        "loss": 0.1972622195025906,
        "retained_accuracy": 1.0,
        "retained_correct": 5838,
        "retained_total": 5838,
        "total": 9424
      },
      "final_model_sha256": "76fc1d30881c0c3acf24dd219cc6dd9739dbddcd8e3beeecfc30dbdbc73eea05",
      "heldout_examples": 16,
      "initial": {
        "accuracy": 0.001697792869269949,
        "changed_accuracy": 0.0019520356943669827,
        "changed_correct": 7,
        "changed_total": 3586,
        "correct": 16,
        "loss": 15.11935406923294,
        "retained_accuracy": 0.001541623843782117,
        "retained_correct": 9,
        "retained_total": 5838,
        "total": 9424
      },
      "loss_ratio": 0.012483649819185538,
      "passes_predeclared_criteria": true,
      "resume_exact": true,
      "resumed_loss_sha256": "d9b0218f045a14599c92f10a8c3805a72f5546353f28bd0c5c28a7d78039af60",
      "train_examples": 16,
      "train_final": {
        "accuracy": 0.933786078098472,
        "changed_accuracy": 0.8135086670651525,
        "changed_correct": 2722,
        "changed_total": 3346,
        "correct": 8800,
        "loss": 0.1829547150991857,
        "retained_accuracy": 1.0,
        "retained_correct": 6078,
        "retained_total": 6078,
        "total": 9424
      }
    }
  },
  "code_identity": {
    "geometry_sha256": "2d61f4c07725b827c3f38d5d7e115a324825792cee9bb2e34fa132cf522b44c9",
    "git_commit": "5eca9c118a4ec184a8299e9617c8e4bbe233b827",
    "packed_sha256": "9b12879ba3a182367b0c52b8c3937f3dc4eed2850c72f8298c641b402802315c",
    "program_sha256": "0d02b532b1dbe573d772e11054bea0e781bded3a26217de87eeb8bbd6ab9c2f7",
    "tiny_study_sha256": "a108fc4f7043beb3d1b17559916aa4dbab2641598bd07b450a2a71900fd4dad8"
  },
  "config_sha256": "19c3257faeb9aa546fef48ba7f860cfc973b06a1de5c291c958913179e4a6da9",
  "deterministic_algorithms": true,
  "device": "cpu",
  "fixture": "data/manifests/openmoji-17.0.0-whole-path-fixture-v3.json",
  "fixture_sha256": "bd6c4bbc3440aeec7096b2084a8bdf4ae1b13997c83b962536ac30784753f969",
  "metrics_sha256": "bf810638b30ebdeb2fe467e10b74f6d1eacdf3157e42d5549baa0b4671cded18",
  "model": {
    "d_model": 48,
    "feedforward": 96,
    "heads": 4,
    "layers": 2,
    "parameters": 241072,
    "scope": "fixed-topology geometry-only diagnostic"
  },
  "passes_predeclared_gate_candidate": true,
  "render_metrics_sha256": "5a690b21ea0980d02d1f7fabdb9179f6d232240cae87dc35fb398081050ef32c",
  "schema_version": 1,
  "study_version": "tiny-geometry-f1-v3-seed2701-path-correlated",
  "torch_version": "2.8.0+cpu"
}
