{"run_id": "r2s-full-v5-path-7a72de9-12766043-47646604", "parameters": 9025826}
{"step": 1000, "train_loss": 2.4198899269104004, "eval_nll_per_free_token": 2.6601489774842912, "eval_free_token_accuracy": 0.3251105422387712, "eval_pixel_error_mean": 0.1512834316235967, "elapsed_seconds": 87.76339619595092, "learning_rate": 0.0004991893270335525}
{"step": 2000, "train_loss": 2.048884391784668, "eval_nll_per_free_token": 2.379999724683334, "eval_free_token_accuracy": 0.4050001662289305, "eval_pixel_error_mean": 0.127599734802061, "elapsed_seconds": 174.3745670929784, "learning_rate": 0.000492735454356513}
{"step": 3000, "train_loss": 1.6332422494888306, "eval_nll_per_free_token": 2.154556542770704, "eval_free_token_accuracy": 0.4692975165397786, "eval_pixel_error_mean": 0.12401343794772401, "elapsed_seconds": 262.0419396420475, "learning_rate": 0.0004799948609147061}
{"step": 4000, "train_loss": 1.1822861433029175, "eval_nll_per_free_token": 2.0302488602928954, "eval_free_token_accuracy": 0.5091592140696167, "eval_pixel_error_mean": 0.11530293856048957, "elapsed_seconds": 350.55334793496877, "learning_rate": 0.00046129752138594874}
{"step": 5000, "train_loss": 0.9513130187988281, "eval_nll_per_free_token": 2.0010969810748365, "eval_free_token_accuracy": 0.526280793909372, "eval_pixel_error_mean": 0.12117928359657526, "elapsed_seconds": 439.9285293800058, "learning_rate": 0.00043712768704277526}
{"step": 6000, "train_loss": 0.7900396585464478, "eval_nll_per_free_token": 2.0272953098507265, "eval_free_token_accuracy": 0.5317995944014097, "eval_pixel_error_mean": 0.11434692703187466, "elapsed_seconds": 529.3525808709674, "learning_rate": 0.0004081113438988443}
{"step": 7000, "train_loss": 0.7107915878295898, "eval_nll_per_free_token": 2.124483261785631, "eval_free_token_accuracy": 0.5241863093852854, "eval_pixel_error_mean": 0.10720107436645776, "elapsed_seconds": 618.1521603439469, "learning_rate": 0.000375}
{"step": 8000, "train_loss": 0.5963196158409119, "eval_nll_per_free_token": 2.1692361806617573, "eval_free_token_accuracy": 0.5275773795671399, "eval_pixel_error_mean": 0.11113343888428062, "elapsed_seconds": 706.3804549940396, "learning_rate": 0.0003386512217606339}
{"step": 9000, "train_loss": 0.495381236076355, "eval_nll_per_free_token": 2.182321838949101, "eval_free_token_accuracy": 0.5334286379201436, "eval_pixel_error_mean": 0.11511354299727827, "elapsed_seconds": 795.9064524889691, "learning_rate": 0.00030000642344401115}
{"step": 10000, "train_loss": 0.6078912019729614, "eval_nll_per_free_token": 2.4000902441279632, "eval_free_token_accuracy": 0.5237873599521261, "eval_pixel_error_mean": 0.11209540779236704, "elapsed_seconds": 884.6832910700468, "learning_rate": 0.0002600664850273538}
{"step": 11000, "train_loss": 0.43303459882736206, "eval_nll_per_free_token": 2.4346917700056516, "eval_free_token_accuracy": 0.5287409820805213, "eval_pixel_error_mean": 0.11093922179134097, "elapsed_seconds": 974.0870507010259, "learning_rate": 0.00021986582993616926}
{"step": 12000, "train_loss": 0.4506208002567291, "eval_nll_per_free_token": 2.5886043704702617, "eval_free_token_accuracy": 0.520629010272948, "eval_pixel_error_mean": 0.1074001977685839, "elapsed_seconds": 1062.4697785259923, "learning_rate": 0.00018044563402088684}
{"step": 13000, "train_loss": 0.2756720781326294, "eval_nll_per_free_token": 2.7628260554498154, "eval_free_token_accuracy": 0.5161075833638087, "eval_pixel_error_mean": 0.10591926268534735, "elapsed_seconds": 1151.5343205879908, "learning_rate": 0.00014282685964923643}
{"step": 14000, "train_loss": 0.2652968764305115, "eval_nll_per_free_token": 2.8881911097651187, "eval_free_token_accuracy": 0.5192326872568902, "eval_pixel_error_mean": 0.11283559439470991, "elapsed_seconds": 1240.9913250569953, "learning_rate": 0.00010798381331721108}
{"step": 15000, "train_loss": 0.24025648832321167, "eval_nll_per_free_token": 2.9939127744855214, "eval_free_token_accuracy": 0.5171714485189002, "eval_pixel_error_mean": 0.10280549533490557, "elapsed_seconds": 1329.6603631860344, "learning_rate": 7.681891162260016e-05}
{"step": 16000, "train_loss": 0.325998455286026, "eval_nll_per_free_token": 3.0634041295422056, "eval_free_token_accuracy": 0.5163403038664849, "eval_pixel_error_mean": 0.10495722261839546, "elapsed_seconds": 1419.4030604809523, "learning_rate": 5.013930914912476e-05}
{"step": 17000, "train_loss": 0.16875039041042328, "eval_nll_per_free_token": 3.184899036703348, "eval_free_token_accuracy": 0.5139798530536255, "eval_pixel_error_mean": 0.10013722171424888, "elapsed_seconds": 1508.8003741930006, "learning_rate": 2.863599358669755e-05}
{"step": 18000, "train_loss": 0.3971238434314728, "eval_nll_per_free_token": 3.1820269124638454, "eval_free_token_accuracy": 0.514445294058978, "eval_pixel_error_mean": 0.10172725032316521, "elapsed_seconds": 1598.344355094945, "learning_rate": 1.286588951321363e-05}
{"step": 19000, "train_loss": 0.27746647596359253, "eval_nll_per_free_token": 3.208094206090628, "eval_free_token_accuracy": 0.5131487084012102, "eval_pixel_error_mean": 0.09979354876850266, "elapsed_seconds": 1687.6740313649643, "learning_rate": 3.2374343405217886e-06}
{"step": 20000, "train_loss": 0.5263293385505676, "eval_nll_per_free_token": 3.2460020643555305, "eval_free_token_accuracy": 0.5163403038664849, "eval_pixel_error_mean": 0.10346447606571019, "elapsed_seconds": 1777.0713346359553, "learning_rate": 0.0}
W0928 00:27:58.165000 1031653 torch/utils/_pytree.py:630] <enum 'KernelPreference'> is an Enum subclass and is now natively supported by torch.compile as an opaque value type. Calling register_constant() on Enum subclasses is deprecated and will be an error in a future release.
W0928 00:27:58.180000 1031653 torch/utils/_pytree.py:630] <enum 'ScaleCalculationMode'> is an Enum subclass and is now natively supported by torch.compile as an opaque value type. Calling register_constant() on Enum subclasses is deprecated and will be an error in a future release.
Warning: You are sending unauthenticated requests to the HF Hub. Please set a HF_TOKEN to enable higher rate limits and faster downloads.
Loading weights:   0%|          | 0/398 [00:00<?, ?it/s]Loading weights: 100%|██████████| 398/398 [00:00<00:00, 40120.48it/s]
Loading weights:   0%|          | 0/398 [00:00<?, ?it/s]Loading weights: 100%|██████████| 398/398 [00:00<00:00, 36216.63it/s]
{"completed": "r2s-full-v5-path-7a72de9-12766043-47646604", "result": {"icons": 339, "model_pixel_error": [0.0977829879267927, 0.09210410903762219, 0.10351422510784983], "model_pixel_error_median": 0.09674564749002457, "exact_program_rate": 0.014749262536873156, "rendered_rate": 1.0, "blank_pixel_error": 0.1720480552069557, "selected_step": 19000, "nearest_training_icon_pixel_error": [0.08973124639576185, 0.0848205749792233, 0.09466393787711656], "model_minus_baseline_error_reduction": [-0.008051741531030839, -0.012432363101394207, -0.003725512852478645], "icons_model_beats_baseline": 153, "clip_retrieval": {"model_greedy": {"top1_rate": 0.4375, "top5_rate": 0.71875, "mean_rank": 6.5, "clip_to_reference_mean": 0.8855335898697376, "chance_top1": 0.03125, "icons": 32}, "nearest_training_icon": {"top1_rate": 0.34375, "top5_rate": 0.59375, "mean_rank": 7.40625, "clip_to_reference_mean": 0.8630629815161228, "chance_top1": 0.03125, "icons": 32}, "gate_n_omnisvg_zero_shot_top1": 0.609375, "gate_n_omnisvg_best_of_12_top1": 0.828125}, "model_calls_per_icon": 562}, "resource": {"device": "NVIDIA GeForce RTX 4080", "torch_version": "2.14.0a0+4fdf77b940.nv26.08", "cuda_version": "13.4", "python_version": "3.12.3", "peak_vram_gib": 4.341529369354248, "train_seconds": 1777.1244110439438, "inference_ms_per_icon": 1104.982272023335, "inference_p95_ms_per_icon": 1109.6859640674666, "icons_per_second": 0.9049918947286802, "batched_ms_per_icon": 76.57305999964592, "batched_icons_per_call": 64, "excludes": "rendering the output SVG to pixels"}}
EXIT=0
