{"run_id": "r2s-full-v6-compose-7505e5b-6472dcf0-47646604", "parameters": 8921634}
{"step": 1000, "train_loss": 3.5123512744903564, "eval_nll_per_free_token": 3.7089861281957512, "eval_free_token_accuracy": 0.2747431763024037, "eval_pixel_error_mean": 0.1565817076480016, "elapsed_seconds": 94.3835268690018, "learning_rate": 0.0004991893270335525}
{"step": 2000, "train_loss": 2.8753504753112793, "eval_nll_per_free_token": 2.9119269777087005, "eval_free_token_accuracy": 0.3095847601316533, "eval_pixel_error_mean": 0.16515664802864194, "elapsed_seconds": 178.3596385109704, "learning_rate": 0.000492735454356513}
{"step": 3000, "train_loss": 2.5854525566101074, "eval_nll_per_free_token": 2.6272764922163305, "eval_free_token_accuracy": 0.3391735097576382, "eval_pixel_error_mean": 0.15804718784056604, "elapsed_seconds": 261.0572252799757, "learning_rate": 0.0004799948609147061}
{"step": 4000, "train_loss": 2.3801496028900146, "eval_nll_per_free_token": 2.4788380182186907, "eval_free_token_accuracy": 0.36520496027128563, "eval_pixel_error_mean": 0.14079103048425168, "elapsed_seconds": 344.0988019000506, "learning_rate": 0.00046129752138594874}
{"step": 5000, "train_loss": 2.224637031555176, "eval_nll_per_free_token": 2.3865832993949265, "eval_free_token_accuracy": 0.39353037002559926, "eval_pixel_error_mean": 0.13256317388731986, "elapsed_seconds": 440.0756940700812, "learning_rate": 0.00043712768704277526}
{"step": 6000, "train_loss": 2.023310422897339, "eval_nll_per_free_token": 2.2963580020529273, "eval_free_token_accuracy": 0.42301938229329433, "eval_pixel_error_mean": 0.127449834079016, "elapsed_seconds": 541.8138025159715, "learning_rate": 0.0004081113438988443}
{"step": 7000, "train_loss": 2.2056519985198975, "eval_nll_per_free_token": 2.182163531866086, "eval_free_token_accuracy": 0.4561321852455201, "eval_pixel_error_mean": 0.12227420212002471, "elapsed_seconds": 642.9680724809878, "learning_rate": 0.000375}
{"step": 8000, "train_loss": 1.943850040435791, "eval_nll_per_free_token": 2.1024900054855546, "eval_free_token_accuracy": 0.48365969613351506, "eval_pixel_error_mean": 0.12497474782867357, "elapsed_seconds": 745.4095662910258, "learning_rate": 0.0003386512217606339}
{"step": 9000, "train_loss": 1.722546935081482, "eval_nll_per_free_token": 2.024258515076964, "eval_free_token_accuracy": 0.5053027028824096, "eval_pixel_error_mean": 0.1219216184108518, "elapsed_seconds": 847.7677327020792, "learning_rate": 0.00030000642344401115}
{"step": 10000, "train_loss": 1.628039002418518, "eval_nll_per_free_token": 1.957460912825393, "eval_free_token_accuracy": 0.5224907742943582, "eval_pixel_error_mean": 0.12086296163033694, "elapsed_seconds": 949.8795265610097, "learning_rate": 0.0002600664850273538}
{"step": 11000, "train_loss": 1.680403232574463, "eval_nll_per_free_token": 1.9064903826174406, "eval_free_token_accuracy": 0.5334286379201436, "eval_pixel_error_mean": 0.12395258160540834, "elapsed_seconds": 1050.551115565002, "learning_rate": 0.00021986582993616926}
{"step": 12000, "train_loss": 1.494250774383545, "eval_nll_per_free_token": 1.8828312007546792, "eval_free_token_accuracy": 0.5324312643372453, "eval_pixel_error_mean": 0.12324228318175301, "elapsed_seconds": 1152.3062768420205, "learning_rate": 0.00018044563402088684}
{"step": 13000, "train_loss": 1.3831596374511719, "eval_nll_per_free_token": 1.8533632268359985, "eval_free_token_accuracy": 0.5384819974068287, "eval_pixel_error_mean": 0.12535090174060315, "elapsed_seconds": 1253.144641109975, "learning_rate": 0.00014282685964923643}
{"step": 14000, "train_loss": 1.5268031358718872, "eval_nll_per_free_token": 1.828204997672795, "eval_free_token_accuracy": 0.541108414508461, "eval_pixel_error_mean": 0.12363199662650004, "elapsed_seconds": 1354.22038445808, "learning_rate": 0.00010798381331721108}
{"step": 15000, "train_loss": 1.5804532766342163, "eval_nll_per_free_token": 1.8355602382476146, "eval_free_token_accuracy": 0.545064663053958, "eval_pixel_error_mean": 0.11900022451300174, "elapsed_seconds": 1455.4778024940751, "learning_rate": 7.681891162260016e-05}
{"step": 16000, "train_loss": 1.4964171648025513, "eval_nll_per_free_token": 1.813496074919379, "eval_free_token_accuracy": 0.5472921307224309, "eval_pixel_error_mean": 0.11890412820503116, "elapsed_seconds": 1555.751065712073, "learning_rate": 5.013930914912476e-05}
{"step": 17000, "train_loss": 1.1103428602218628, "eval_nll_per_free_token": 1.8012670800226072, "eval_free_token_accuracy": 0.5512816250540244, "eval_pixel_error_mean": 0.11649771314114332, "elapsed_seconds": 1656.1448051710613, "learning_rate": 2.863599358669755e-05}
{"step": 18000, "train_loss": 1.3974417448043823, "eval_nll_per_free_token": 1.8016266799511287, "eval_free_token_accuracy": 0.551148641909638, "eval_pixel_error_mean": 0.1171887133968994, "elapsed_seconds": 1755.6547331890324, "learning_rate": 1.286588951321363e-05}
{"step": 19000, "train_loss": 1.3555437326431274, "eval_nll_per_free_token": 1.797683288174474, "eval_free_token_accuracy": 0.5505169719738023, "eval_pixel_error_mean": 0.11822829255834222, "elapsed_seconds": 1855.4127657579957, "learning_rate": 3.2374343405217886e-06}
{"step": 20000, "train_loss": 1.3146109580993652, "eval_nll_per_free_token": 1.8018622575135477, "eval_free_token_accuracy": 0.5508161840486718, "eval_pixel_error_mean": 0.11966835497878492, "elapsed_seconds": 1955.4698441090295, "learning_rate": 0.0}
W0928 01:03:17.954000 1051776 torch/utils/_pytree.py:630] <enum 'KernelPreference'> is an Enum subclass and is now natively supported by torch.compile as an opaque value type. Calling register_constant() on Enum subclasses is deprecated and will be an error in a future release.
W0928 01:03:17.970000 1051776 torch/utils/_pytree.py:630] <enum 'ScaleCalculationMode'> is an Enum subclass and is now natively supported by torch.compile as an opaque value type. Calling register_constant() on Enum subclasses is deprecated and will be an error in a future release.
Warning: You are sending unauthenticated requests to the HF Hub. Please set a HF_TOKEN to enable higher rate limits and faster downloads.
Loading weights:   0%|          | 0/398 [00:00<?, ?it/s]Loading weights: 100%|██████████| 398/398 [00:00<00:00, 37588.28it/s]
Loading weights:   0%|          | 0/398 [00:00<?, ?it/s]Loading weights: 100%|██████████| 398/398 [00:00<00:00, 41739.59it/s]
{"completed": "r2s-full-v6-compose-7505e5b-6472dcf0-47646604", "result": {"icons": 339, "model_pixel_error": [0.11120267062701486, 0.10537292154420995, 0.11720417878985616], "model_pixel_error_median": 0.11345895379781723, "exact_program_rate": 0.0058997050147492625, "rendered_rate": 1.0, "blank_pixel_error": 0.1720480552069557, "selected_step": 17000, "nearest_training_icon_pixel_error": [0.08973124639576185, 0.0848205749792233, 0.09466393787711656], "model_minus_baseline_error_reduction": [-0.021471424231253006, -0.02586358021962844, -0.017081646606769786], "icons_model_beats_baseline": 96, "clip_retrieval": {"model_greedy": {"top1_rate": 0.3125, "top5_rate": 0.59375, "mean_rank": 8.0, "clip_to_reference_mean": 0.862670062109828, "chance_top1": 0.03125, "icons": 32}, "nearest_training_icon": {"top1_rate": 0.34375, "top5_rate": 0.59375, "mean_rank": 7.40625, "clip_to_reference_mean": 0.8630629815161228, "chance_top1": 0.03125, "icons": 32}, "gate_n_omnisvg_zero_shot_top1": 0.609375, "gate_n_omnisvg_best_of_12_top1": 0.828125}, "model_calls_per_icon": 345}, "resource": {"device": "NVIDIA GeForce RTX 4080", "torch_version": "2.14.0a0+4fdf77b940.nv26.08", "cuda_version": "13.4", "python_version": "3.12.3", "peak_vram_gib": 4.089363098144531, "train_seconds": 1955.5243175940122, "inference_ms_per_icon": 764.8209645412862, "inference_p95_ms_per_icon": 863.9923649607226, "icons_per_second": 1.3074955399526296, "batched_ms_per_icon": 78.5420839983999, "batched_icons_per_call": 64, "excludes": "rendering the output SVG to pixels"}}
EXIT=0
